******************************************************************************
                  TI ARM Linker PC v16.9.6                     
******************************************************************************
>> Linked Mon Jul 02 17:17:43 2018

OUTPUT FILE NAME:   <Pick-place-controls.out>
ENTRY POINT SYMBOL: "_c_int00"  address: 00000b7d


MEMORY CONFIGURATION

         name            origin    length      used     unused   attr    fill
----------------------  --------  ---------  --------  --------  ----  --------
  FLASH                 00000000   00040000  00001128  0003eed8  R  X
  SRAM                  20000000   00008000  00000224  00007ddc  RW X


SEGMENT ALLOCATION MAP

run origin  load origin   length   init length attrs members
----------  ----------- ---------- ----------- ----- -------
00000000    00000000    00001128   00001128    r-x
  00000000    00000000    0000026c   0000026c    r-- .intvecs
  0000026c    0000026c    00000c00   00000c00    r-x .text
  00000e6c    00000e6c    00000284   00000284    r-- .const
  000010f0    000010f0    00000038   00000038    r-- .cinit
20000000    20000000    00000224   00000000    rw-
  20000000    20000000    00000200   00000000    rw- .stack
  20000200    20000200    00000020   00000000    rw- .data
  20000220    20000220    00000004   00000000    rw- .bss


SECTION ALLOCATION MAP

 output                                  attributes/
section   page    origin      length       input sections
--------  ----  ----------  ----------   ----------------
.intvecs   0    00000000    0000026c     
                  00000000    0000026c     tm4c123gh6pm_startup_ccs.obj (.intvecs)

.text      0    0000026c    00000c00     
                  0000026c    0000049c     uartstdio.obj (.text)
                  00000708    00000200     driverlib.lib : sysctl.obj (.text:SysCtlClockFreqSet)
                  00000908    0000009c     rtsv7M4_T_le_v4SPD16_eabi.lib : memcpy_t2.obj (.text)
                  000009a4    00000084     main.obj (.text)
                  00000a28    0000007a     rtsv7M4_T_le_v4SPD16_eabi.lib : memset_t2.obj (.text)
                  00000aa2    00000002                                   : i_div0.obj (.text)
                  00000aa4    00000070                                   : autoinit.obj (.text)
                  00000b14    00000068                                   : copy_decompress_lzss.obj (.text:decompress:lzss)
                  00000b7c    00000054                                   : boot.obj (.text)
                  00000bd0    00000054                                   : exit.obj (.text)
                  00000c24    0000004c                                   : cpy_tbl.obj (.text)
                  00000c70    00000048     driverlib.lib : sysctl.obj (.text:_SysCtlFrequencyGet)
                  00000cb8    00000046                   : uart.obj (.text:UARTConfigSetExpClk)
                  00000cfe    00000040     rtsv7M4_T_le_v4SPD16_eabi.lib : u_divt2.obj (.text)
                  00000d3e    00000002                                   : mpu_init.obj (.text)
                  00000d40    00000038     driverlib.lib : sysctl.obj (.text:SysCtlPeripheralPresent)
                  00000d78    00000034                   : sysctl.obj (.text:SysCtlPeripheralEnable)
                  00000dac    00000020                   : uart.obj (.text:UARTDisable)
                  00000dcc    00000020                   : sysctl.obj (.text:_SysCtlMemTimingGet)
                  00000dec    00000018     rtsv7M4_T_le_v4SPD16_eabi.lib : args_main.obj (.text)
                  00000e04    00000014     driverlib.lib : uart.obj (.text:UARTEnable)
                  00000e18    00000014     rtsv7M4_T_le_v4SPD16_eabi.lib : _lock.obj (.text)
                  00000e2c    0000000e                                   : copy_decompress_none.obj (.text:decompress:none)
                  00000e3a    0000000c                                   : copy_zero_init.obj (.text:decompress:ZI)
                  00000e46    0000000c     tm4c123gh6pm_startup_ccs.obj (.text)
                  00000e52    0000000a     driverlib.lib : uart.obj (.text:UARTCharGet)
                  00000e5c    0000000a                   : uart.obj (.text:UARTCharPut)
                  00000e66    00000004     rtsv7M4_T_le_v4SPD16_eabi.lib : pre_init.obj (.text)
                  00000e6a    00000002                                   : startup.obj (.text)

.const     0    00000e6c    00000284     
                  00000e6c    000001b0     driverlib.lib : sysctl.obj (.const:g_pppui32XTALtoVCO)
                  0000101c    0000006c                   : sysctl.obj (.const:g_pui32Xtals)
                  00001088    00000030                   : sysctl.obj (.const:g_sXTALtoMEMTIM)
                  000010b8    00000012     uartstdio.obj (.const:.string)
                  000010ca    00000002     --HOLE-- [fill = 0]
                  000010cc    0000000c     uartstdio.obj (.const:g_ui32UARTBase)
                  000010d8    0000000c     uartstdio.obj (.const:g_ui32UARTPeriph)
                  000010e4    00000008     driverlib.lib : sysctl.obj (.const)
                  000010ec    00000004     uartstdio.obj (.const)

.cinit     0    000010f0    00000038     
                  000010f0    00000011     (.cinit..data.load) [load image, compression = lzss]
                  00001101    00000003     --HOLE-- [fill = 0]
                  00001104    0000000c     (__TI_handler_table)
                  00001110    00000008     (.cinit..bss.load) [load image, compression = zero_init]
                  00001118    00000010     (__TI_cinit_table)

.init_array 
*          0    00000000    00000000     UNINITIALIZED

.stack     0    20000000    00000200     UNINITIALIZED
                  20000000    00000200     --HOLE--

.data      0    20000200    00000020     UNINITIALIZED
                  20000200    0000000c     rtsv7M4_T_le_v4SPD16_eabi.lib : exit.obj (.data:$O1$$)
                  2000020c    00000008                                   : _lock.obj (.data:$O1$$)
                  20000214    00000005     uartstdio.obj (.data)
                  20000219    00000003     --HOLE--
                  2000021c    00000004     rtsv7M4_T_le_v4SPD16_eabi.lib : stkdepth_vars.obj (.data)

.bss       0    20000220    00000004     UNINITIALIZED
                  20000220    00000004     (.common:g_ui32SysClock)

MODULE SUMMARY

       Module                         code   ro data   rw data
       ------                         ----   -------   -------
    .\
       tm4c123gh6pm_startup_ccs.obj   12     620       0      
       main.obj                       132    0         4      
    +--+------------------------------+------+---------+---------+
       Total:                         144    620       4      
                                                              
    .\utils\
       uartstdio.obj                  1180   46        5      
    +--+------------------------------+------+---------+---------+
       Total:                         1180   46        5      
                                                              
    C:/ti/TivaWare_C_Series-2.1.4.178/driverlib/ccs/Debug/driverlib.lib
       sysctl.obj                     724    596       0      
       uart.obj                       142    0         0      
    +--+------------------------------+------+---------+---------+
       Total:                         866    596       0      
                                                              
    C:\ti\ccsv7\tools\compiler\ti-cgt-arm_16.9.6.LTS\lib\rtsv7M4_T_le_v4SPD16_eabi.lib
       memcpy_t2.obj                  156    0         0      
       memset_t2.obj                  122    0         0      
       autoinit.obj                   112    0         0      
       copy_decompress_lzss.obj       104    0         0      
       exit.obj                       84     0         12     
       boot.obj                       84     0         0      
       cpy_tbl.obj                    76     0         0      
       u_divt2.obj                    64     0         0      
       _lock.obj                      20     0         8      
       args_main.obj                  24     0         0      
       copy_decompress_none.obj       14     0         0      
       copy_zero_init.obj             12     0         0      
       pre_init.obj                   4      0         0      
       stkdepth_vars.obj              0      0         4      
       i_div0.obj                     2      0         0      
       mpu_init.obj                   2      0         0      
       startup.obj                    2      0         0      
    +--+------------------------------+------+---------+---------+
       Total:                         882    0         24     
                                                              
       Stack:                         0      0         512    
       Linker Generated:              0      53        0      
    +--+------------------------------+------+---------+---------+
       Grand Total:                   3072   1315      545    


LINKER GENERATED COPY TABLES

__TI_cinit_table @ 00001118 records: 2, size/record: 8, table size: 16
	.data: load addr=000010f0, load size=00000011 bytes, run addr=20000200, run size=00000020 bytes, compression=lzss
	.bss: load addr=00001110, load size=00000008 bytes, run addr=20000220, run size=00000004 bytes, compression=zero_init


LINKER GENERATED HANDLER TABLE

__TI_handler_table @ 00001104 records: 3, size/record: 4, table size: 12
	index: 0, handler: __TI_decompress_lzss
	index: 1, handler: __TI_decompress_none
	index: 2, handler: __TI_zero_init


GLOBAL SYMBOLS: SORTED ALPHABETICALLY BY Name 

address   name                           
-------   ----                           
00000bd1  C$$EXIT                        
000009a5  ConfigureUART                  
UNDEFED   ROM_GPIOPinConfigure           
UNDEFED   ROM_GPIOPinTypeGPIOOutput      
UNDEFED   ROM_GPIOPinTypeUART            
UNDEFED   ROM_SysCtlPeripheralEnable     
00000e47  ResetISR                       
UNDEFED   SHT$$INIT_ARRAY$$Base          
UNDEFED   SHT$$INIT_ARRAY$$Limit         
00000709  SysCtlClockFreqSet             
00000d79  SysCtlPeripheralEnable         
00000d41  SysCtlPeripheralPresent        
00000e53  UARTCharGet                    
00000e5d  UARTCharPut                    
00000cb9  UARTConfigSetExpClk            
00000dad  UARTDisable                    
00000e05  UARTEnable                     
0000026d  UARTStdioConfig                
000003b3  UARTgetc                       
000002f9  UARTgets                       
000006d3  UARTprintf                     
000003d9  UARTvprintf                    
000002b3  UARTwrite                      
20000200  __STACK_END                    
00000200  __STACK_SIZE                   
20000200  __STACK_TOP                    
00001118  __TI_CINIT_Base                
00001128  __TI_CINIT_Limit               
00001104  __TI_Handler_Table_Base        
00001110  __TI_Handler_Table_Limit       
00000aa5  __TI_auto_init                 
20000200  __TI_cleanup_ptr               
00000b15  __TI_decompress_lzss           
00000e2d  __TI_decompress_none           
20000204  __TI_dtors_ptr                 
20000208  __TI_enable_exit_profile_output
ffffffff  __TI_pprof_out_hndl            
ffffffff  __TI_prof_data_size            
ffffffff  __TI_prof_data_start           
00000000  __TI_static_base__             
00000e3b  __TI_zero_init                 
00000aa3  __aeabi_idiv0                  
00000a29  __aeabi_memclr                 
00000a29  __aeabi_memclr4                
00000a29  __aeabi_memclr8                
00000909  __aeabi_memcpy                 
00000909  __aeabi_memcpy4                
00000909  __aeabi_memcpy8                
00000a2b  __aeabi_memset                 
00000a2b  __aeabi_memset4                
00000a2b  __aeabi_memset8                
00000cff  __aeabi_uidiv                  
00000cff  __aeabi_uidivmod               
ffffffff  __binit__                      
ffffffff  __c_args__                     
00000d3f  __mpu_init                     
20000000  __stack                        
00000ded  _args_main                     
00000b7d  _c_int00                       
2000020c  _lock                          
00000e27  _nop                           
00000e1f  _register_lock                 
00000e19  _register_unlock               
00000e6b  _system_post_cinit             
00000e67  _system_pre_init               
20000210  _unlock                        
00000bd5  abort                          
ffffffff  binit                          
00000c25  copy_in                        
00000bdd  exit                           
00000000  g_pfnVectors                   
20000220  g_ui32SysClock                 
000009db  main                           
2000021c  main_func_sp                   
00000909  memcpy                         
00000a31  memset                         


GLOBAL SYMBOLS: SORTED BY Symbol Address 

address   name                           
-------   ----                           
00000000  __TI_static_base__             
00000000  g_pfnVectors                   
00000200  __STACK_SIZE                   
0000026d  UARTStdioConfig                
000002b3  UARTwrite                      
000002f9  UARTgets                       
000003b3  UARTgetc                       
000003d9  UARTvprintf                    
000006d3  UARTprintf                     
00000709  SysCtlClockFreqSet             
00000909  __aeabi_memcpy                 
00000909  __aeabi_memcpy4                
00000909  __aeabi_memcpy8                
00000909  memcpy                         
000009a5  ConfigureUART                  
000009db  main                           
00000a29  __aeabi_memclr                 
00000a29  __aeabi_memclr4                
00000a29  __aeabi_memclr8                
00000a2b  __aeabi_memset                 
00000a2b  __aeabi_memset4                
00000a2b  __aeabi_memset8                
00000a31  memset                         
00000aa3  __aeabi_idiv0                  
00000aa5  __TI_auto_init                 
00000b15  __TI_decompress_lzss           
00000b7d  _c_int00                       
00000bd1  C$$EXIT                        
00000bd5  abort                          
00000bdd  exit                           
00000c25  copy_in                        
00000cb9  UARTConfigSetExpClk            
00000cff  __aeabi_uidiv                  
00000cff  __aeabi_uidivmod               
00000d3f  __mpu_init                     
00000d41  SysCtlPeripheralPresent        
00000d79  SysCtlPeripheralEnable         
00000dad  UARTDisable                    
00000ded  _args_main                     
00000e05  UARTEnable                     
00000e19  _register_unlock               
00000e1f  _register_lock                 
00000e27  _nop                           
00000e2d  __TI_decompress_none           
00000e3b  __TI_zero_init                 
00000e47  ResetISR                       
00000e53  UARTCharGet                    
00000e5d  UARTCharPut                    
00000e67  _system_pre_init               
00000e6b  _system_post_cinit             
00001104  __TI_Handler_Table_Base        
00001110  __TI_Handler_Table_Limit       
00001118  __TI_CINIT_Base                
00001128  __TI_CINIT_Limit               
20000000  __stack                        
20000200  __STACK_END                    
20000200  __STACK_TOP                    
20000200  __TI_cleanup_ptr               
20000204  __TI_dtors_ptr                 
20000208  __TI_enable_exit_profile_output
2000020c  _lock                          
20000210  _unlock                        
2000021c  main_func_sp                   
20000220  g_ui32SysClock                 
ffffffff  __TI_pprof_out_hndl            
ffffffff  __TI_prof_data_size            
ffffffff  __TI_prof_data_start           
ffffffff  __binit__                      
ffffffff  __c_args__                     
ffffffff  binit                          
UNDEFED   ROM_GPIOPinConfigure           
UNDEFED   ROM_GPIOPinTypeGPIOOutput      
UNDEFED   ROM_GPIOPinTypeUART            
UNDEFED   ROM_SysCtlPeripheralEnable     
UNDEFED   SHT$$INIT_ARRAY$$Base          
UNDEFED   SHT$$INIT_ARRAY$$Limit         

[76 symbols]
