<?xml version="1.0"?>
<link_info>
   <banner>TI ARM Linker PC v16.9.6.LTS</banner>
   <copyright>Copyright (c) 1996-2017 Texas Instruments Incorporated</copyright>
   <link_time>0x5b5a624d</link_time>
   <link_errors>0x0</link_errors>
   <output_file>Pick-place-controls.out</output_file>
   <entry_point>
      <name>_c_int00</name>
      <address>0x1195</address>
   </entry_point>
   <input_file_list>
      <input_file id="fl-2">
         <path>.\</path>
         <kind>object</kind>
         <file>main_July25.obj</file>
         <name>main_July25.obj</name>
      </input_file>
      <input_file id="fl-3">
         <path>.\</path>
         <kind>object</kind>
         <file>tm4c123gh6pm_startup_ccs.obj</file>
         <name>tm4c123gh6pm_startup_ccs.obj</name>
      </input_file>
      <input_file id="fl-4">
         <path>.\utils\</path>
         <kind>object</kind>
         <file>uartstdio.obj</file>
         <name>uartstdio.obj</name>
      </input_file>
      <input_file id="fl-9">
         <kind>object</kind>
         <file>&lt;internal&gt;</file>
         <name>&lt;internal&gt;</name>
      </input_file>
      <input_file id="fl-bf">
         <path>C:\ti\ccsv7\tools\compiler\ti-cgt-arm_16.9.6.LTS\lib\</path>
         <kind>archive</kind>
         <file>rtsv7M4_T_le_v4SPD16_eabi.lib</file>
         <name>boot.obj</name>
      </input_file>
      <input_file id="fl-c0">
         <path>C:\ti\ccsv7\tools\compiler\ti-cgt-arm_16.9.6.LTS\lib\</path>
         <kind>archive</kind>
         <file>rtsv7M4_T_le_v4SPD16_eabi.lib</file>
         <name>copy_decompress_lzss.obj</name>
      </input_file>
      <input_file id="fl-c1">
         <path>C:\ti\ccsv7\tools\compiler\ti-cgt-arm_16.9.6.LTS\lib\</path>
         <kind>archive</kind>
         <file>rtsv7M4_T_le_v4SPD16_eabi.lib</file>
         <name>copy_decompress_none.obj</name>
      </input_file>
      <input_file id="fl-c2">
         <path>C:\ti\ccsv7\tools\compiler\ti-cgt-arm_16.9.6.LTS\lib\</path>
         <kind>archive</kind>
         <file>rtsv7M4_T_le_v4SPD16_eabi.lib</file>
         <name>copy_zero_init.obj</name>
      </input_file>
      <input_file id="fl-c3">
         <path>C:\ti\ccsv7\tools\compiler\ti-cgt-arm_16.9.6.LTS\lib\</path>
         <kind>archive</kind>
         <file>rtsv7M4_T_le_v4SPD16_eabi.lib</file>
         <name>exit.obj</name>
      </input_file>
      <input_file id="fl-c4">
         <path>C:\ti\ccsv7\tools\compiler\ti-cgt-arm_16.9.6.LTS\lib\</path>
         <kind>archive</kind>
         <file>rtsv7M4_T_le_v4SPD16_eabi.lib</file>
         <name>fd_add_t2.obj</name>
      </input_file>
      <input_file id="fl-c5">
         <path>C:\ti\ccsv7\tools\compiler\ti-cgt-arm_16.9.6.LTS\lib\</path>
         <kind>archive</kind>
         <file>rtsv7M4_T_le_v4SPD16_eabi.lib</file>
         <name>fd_div_t2.obj</name>
      </input_file>
      <input_file id="fl-c6">
         <path>C:\ti\ccsv7\tools\compiler\ti-cgt-arm_16.9.6.LTS\lib\</path>
         <kind>archive</kind>
         <file>rtsv7M4_T_le_v4SPD16_eabi.lib</file>
         <name>fd_mul_t2.obj</name>
      </input_file>
      <input_file id="fl-c7">
         <path>C:\ti\ccsv7\tools\compiler\ti-cgt-arm_16.9.6.LTS\lib\</path>
         <kind>archive</kind>
         <file>rtsv7M4_T_le_v4SPD16_eabi.lib</file>
         <name>fd_tos_t2.obj</name>
      </input_file>
      <input_file id="fl-c8">
         <path>C:\ti\ccsv7\tools\compiler\ti-cgt-arm_16.9.6.LTS\lib\</path>
         <kind>archive</kind>
         <file>rtsv7M4_T_le_v4SPD16_eabi.lib</file>
         <name>fs_tod_t2.obj</name>
      </input_file>
      <input_file id="fl-c9">
         <path>C:\ti\ccsv7\tools\compiler\ti-cgt-arm_16.9.6.LTS\lib\</path>
         <kind>archive</kind>
         <file>rtsv7M4_T_le_v4SPD16_eabi.lib</file>
         <name>i_tofd_t2.obj</name>
      </input_file>
      <input_file id="fl-ca">
         <path>C:\ti\ccsv7\tools\compiler\ti-cgt-arm_16.9.6.LTS\lib\</path>
         <kind>archive</kind>
         <file>rtsv7M4_T_le_v4SPD16_eabi.lib</file>
         <name>memcpy_t2.obj</name>
      </input_file>
      <input_file id="fl-cb">
         <path>C:\ti\ccsv7\tools\compiler\ti-cgt-arm_16.9.6.LTS\lib\</path>
         <kind>archive</kind>
         <file>rtsv7M4_T_le_v4SPD16_eabi.lib</file>
         <name>memset_t2.obj</name>
      </input_file>
      <input_file id="fl-cc">
         <path>C:\ti\ccsv7\tools\compiler\ti-cgt-arm_16.9.6.LTS\lib\</path>
         <kind>archive</kind>
         <file>rtsv7M4_T_le_v4SPD16_eabi.lib</file>
         <name>mpu_init.obj</name>
      </input_file>
      <input_file id="fl-cd">
         <path>C:\ti\ccsv7\tools\compiler\ti-cgt-arm_16.9.6.LTS\lib\</path>
         <kind>archive</kind>
         <file>rtsv7M4_T_le_v4SPD16_eabi.lib</file>
         <name>pre_init.obj</name>
      </input_file>
      <input_file id="fl-ce">
         <path>C:\ti\ccsv7\tools\compiler\ti-cgt-arm_16.9.6.LTS\lib\</path>
         <kind>archive</kind>
         <file>rtsv7M4_T_le_v4SPD16_eabi.lib</file>
         <name>stkdepth_vars.obj</name>
      </input_file>
      <input_file id="fl-cf">
         <path>C:\ti\ccsv7\tools\compiler\ti-cgt-arm_16.9.6.LTS\lib\</path>
         <kind>archive</kind>
         <file>rtsv7M4_T_le_v4SPD16_eabi.lib</file>
         <name>u_divt2.obj</name>
      </input_file>
      <input_file id="fl-d0">
         <path>C:\ti\ccsv7\tools\compiler\ti-cgt-arm_16.9.6.LTS\lib\</path>
         <kind>archive</kind>
         <file>rtsv7M4_T_le_v4SPD16_eabi.lib</file>
         <name>_lock.obj</name>
      </input_file>
      <input_file id="fl-d1">
         <path>C:\ti\ccsv7\tools\compiler\ti-cgt-arm_16.9.6.LTS\lib\</path>
         <kind>archive</kind>
         <file>rtsv7M4_T_le_v4SPD16_eabi.lib</file>
         <name>args_main.obj</name>
      </input_file>
      <input_file id="fl-d2">
         <path>C:\ti\ccsv7\tools\compiler\ti-cgt-arm_16.9.6.LTS\lib\</path>
         <kind>archive</kind>
         <file>rtsv7M4_T_le_v4SPD16_eabi.lib</file>
         <name>autoinit.obj</name>
      </input_file>
      <input_file id="fl-d3">
         <path>C:\ti\ccsv7\tools\compiler\ti-cgt-arm_16.9.6.LTS\lib\</path>
         <kind>archive</kind>
         <file>rtsv7M4_T_le_v4SPD16_eabi.lib</file>
         <name>cpy_tbl.obj</name>
      </input_file>
      <input_file id="fl-d4">
         <path>C:\ti\ccsv7\tools\compiler\ti-cgt-arm_16.9.6.LTS\lib\</path>
         <kind>archive</kind>
         <file>rtsv7M4_T_le_v4SPD16_eabi.lib</file>
         <name>i_div0.obj</name>
      </input_file>
      <input_file id="fl-d5">
         <path>C:\ti\ccsv7\tools\compiler\ti-cgt-arm_16.9.6.LTS\lib\</path>
         <kind>archive</kind>
         <file>rtsv7M4_T_le_v4SPD16_eabi.lib</file>
         <name>startup.obj</name>
      </input_file>
      <input_file id="fl-d6">
         <path>C:\ti\TivaWare_C_Series-2.1.4.178\driverlib\ccs\Debug\</path>
         <kind>archive</kind>
         <file>driverlib.lib</file>
         <name>gpio.obj</name>
      </input_file>
      <input_file id="fl-d7">
         <path>C:\ti\TivaWare_C_Series-2.1.4.178\driverlib\ccs\Debug\</path>
         <kind>archive</kind>
         <file>driverlib.lib</file>
         <name>interrupt.obj</name>
      </input_file>
      <input_file id="fl-d8">
         <path>C:\ti\TivaWare_C_Series-2.1.4.178\driverlib\ccs\Debug\</path>
         <kind>archive</kind>
         <file>driverlib.lib</file>
         <name>pwm.obj</name>
      </input_file>
      <input_file id="fl-d9">
         <path>C:\ti\TivaWare_C_Series-2.1.4.178\driverlib\ccs\Debug\</path>
         <kind>archive</kind>
         <file>driverlib.lib</file>
         <name>qei.obj</name>
      </input_file>
      <input_file id="fl-da">
         <path>C:\ti\TivaWare_C_Series-2.1.4.178\driverlib\ccs\Debug\</path>
         <kind>archive</kind>
         <file>driverlib.lib</file>
         <name>sysctl.obj</name>
      </input_file>
      <input_file id="fl-db">
         <path>C:\ti\TivaWare_C_Series-2.1.4.178\driverlib\ccs\Debug\</path>
         <kind>archive</kind>
         <file>driverlib.lib</file>
         <name>timer.obj</name>
      </input_file>
      <input_file id="fl-dc">
         <path>C:\ti\TivaWare_C_Series-2.1.4.178\driverlib\ccs\Debug\</path>
         <kind>archive</kind>
         <file>driverlib.lib</file>
         <name>uart.obj</name>
      </input_file>
      <input_file id="fl-dd">
         <path>C:\ti\TivaWare_C_Series-2.1.4.178\driverlib\ccs\Debug\</path>
         <kind>archive</kind>
         <file>driverlib.lib</file>
         <name>cpu.obj</name>
      </input_file>
   </input_file_list>
   <object_component_list>
      <object_component id="oc-f">
         <name>.intvecs</name>
         <load_address>0x0</load_address>
         <run_address>0x0</run_address>
         <size>0x26c</size>
         <input_file_ref idref="fl-3"/>
      </object_component>
      <object_component id="oc-31">
         <name>.text</name>
         <load_address>0x26c</load_address>
         <run_address>0x26c</run_address>
         <size>0x4e0</size>
         <input_file_ref idref="fl-2"/>
      </object_component>
      <object_component id="oc-8b">
         <name>.text</name>
         <load_address>0x74c</load_address>
         <run_address>0x74c</run_address>
         <size>0x1b6</size>
         <input_file_ref idref="fl-c4"/>
      </object_component>
      <object_component id="oc-cf">
         <name>.text</name>
         <load_address>0x902</load_address>
         <run_address>0x902</run_address>
         <size>0x136</size>
         <input_file_ref idref="fl-c5"/>
      </object_component>
      <object_component id="oc-b2">
         <name>.text:GPIOPadConfigSet</name>
         <load_address>0xa38</load_address>
         <run_address>0xa38</run_address>
         <size>0x132</size>
         <input_file_ref idref="fl-d6"/>
      </object_component>
      <object_component id="oc-5d">
         <name>.text</name>
         <load_address>0xb6a</load_address>
         <run_address>0xb6a</run_address>
         <size>0x2</size>
         <input_file_ref idref="fl-cc"/>
      </object_component>
      <object_component id="oc-116">
         <name>.text:SysCtlClockGet</name>
         <load_address>0xb6c</load_address>
         <run_address>0xb6c</run_address>
         <size>0x110</size>
         <input_file_ref idref="fl-da"/>
      </object_component>
      <object_component id="oc-90">
         <name>.text</name>
         <load_address>0xc7c</load_address>
         <run_address>0xc7c</run_address>
         <size>0xfc</size>
         <input_file_ref idref="fl-c6"/>
      </object_component>
      <object_component id="oc-b8">
         <name>.text:SysCtlClockSet</name>
         <load_address>0xd78</load_address>
         <run_address>0xd78</run_address>
         <size>0xf4</size>
         <input_file_ref idref="fl-da"/>
      </object_component>
      <object_component id="oc-45">
         <name>.text</name>
         <load_address>0xe6c</load_address>
         <run_address>0xe6c</run_address>
         <size>0x9c</size>
         <input_file_ref idref="fl-ca"/>
      </object_component>
      <object_component id="oc-51">
         <name>.text</name>
         <load_address>0xf08</load_address>
         <run_address>0xf08</run_address>
         <size>0x7a</size>
         <input_file_ref idref="fl-cb"/>
      </object_component>
      <object_component id="oc-186">
         <name>.text</name>
         <load_address>0xf82</load_address>
         <run_address>0xf82</run_address>
         <size>0x2</size>
         <input_file_ref idref="fl-d5"/>
      </object_component>
      <object_component id="oc-69">
         <name>.text</name>
         <load_address>0xf84</load_address>
         <run_address>0xf84</run_address>
         <size>0x70</size>
         <input_file_ref idref="fl-d2"/>
      </object_component>
      <object_component id="oc-95">
         <name>.text</name>
         <load_address>0xff4</load_address>
         <run_address>0xff4</run_address>
         <size>0x6e</size>
         <input_file_ref idref="fl-c7"/>
      </object_component>
      <object_component id="oc-122">
         <name>.text:IntEnable</name>
         <load_address>0x1064</load_address>
         <run_address>0x1064</run_address>
         <size>0x68</size>
         <input_file_ref idref="fl-d7"/>
      </object_component>
      <object_component id="oc-12">
         <name>.text:decompress:lzss</name>
         <load_address>0x10cc</load_address>
         <run_address>0x10cc</run_address>
         <size>0x68</size>
         <input_file_ref idref="fl-c0"/>
      </object_component>
      <object_component id="oc-110">
         <name>.text:TimerConfigure</name>
         <load_address>0x1134</load_address>
         <run_address>0x1134</run_address>
         <size>0x60</size>
         <input_file_ref idref="fl-db"/>
      </object_component>
      <object_component id="oc-24">
         <name>.text</name>
         <load_address>0x1194</load_address>
         <run_address>0x1194</run_address>
         <size>0x54</size>
         <input_file_ref idref="fl-bf"/>
      </object_component>
      <object_component id="oc-75">
         <name>.text</name>
         <load_address>0x11e8</load_address>
         <run_address>0x11e8</run_address>
         <size>0x54</size>
         <input_file_ref idref="fl-c3"/>
      </object_component>
      <object_component id="oc-180">
         <name>.text</name>
         <load_address>0x123c</load_address>
         <run_address>0x123c</run_address>
         <size>0x4c</size>
         <input_file_ref idref="fl-d3"/>
      </object_component>
      <object_component id="oc-ec">
         <name>.text:GPIOPinConfigure</name>
         <load_address>0x1288</load_address>
         <run_address>0x1288</run_address>
         <size>0x48</size>
         <input_file_ref idref="fl-d6"/>
      </object_component>
      <object_component id="oc-e0">
         <name>.text:SysCtlPeripheralReady</name>
         <load_address>0x12d0</load_address>
         <run_address>0x12d0</run_address>
         <size>0x38</size>
         <input_file_ref idref="fl-da"/>
      </object_component>
      <object_component id="oc-86">
         <name>.text</name>
         <load_address>0x1308</load_address>
         <run_address>0x1308</run_address>
         <size>0x38</size>
         <input_file_ref idref="fl-c8"/>
      </object_component>
      <object_component id="oc-da">
         <name>.text:SysCtlPeripheralEnable</name>
         <load_address>0x1340</load_address>
         <run_address>0x1340</run_address>
         <size>0x34</size>
         <input_file_ref idref="fl-da"/>
      </object_component>
      <object_component id="oc-ca">
         <name>.text</name>
         <load_address>0x1374</load_address>
         <run_address>0x1374</run_address>
         <size>0x2e</size>
         <input_file_ref idref="fl-c9"/>
      </object_component>
      <object_component id="oc-e6">
         <name>.text:GPIODirModeSet</name>
         <load_address>0x13a2</load_address>
         <run_address>0x13a2</run_address>
         <size>0x2a</size>
         <input_file_ref idref="fl-d6"/>
      </object_component>
      <object_component id="oc-f2">
         <name>.text:PWMGenConfigure</name>
         <load_address>0x13cc</load_address>
         <run_address>0x13cc</run_address>
         <size>0x22</size>
         <input_file_ref idref="fl-d8"/>
      </object_component>
      <object_component id="oc-ac">
         <name>.text:PWMPulseWidthSet</name>
         <load_address>0x13ee</load_address>
         <run_address>0x13ee</run_address>
         <size>0x1e</size>
         <input_file_ref idref="fl-d8"/>
      </object_component>
      <object_component id="oc-9a">
         <name>.text:GPIOPinTypeGPIOOutput</name>
         <load_address>0x140c</load_address>
         <run_address>0x140c</run_address>
         <size>0x18</size>
         <input_file_ref idref="fl-d6"/>
      </object_component>
      <object_component id="oc-6f">
         <name>.text</name>
         <load_address>0x1424</load_address>
         <run_address>0x1424</run_address>
         <size>0x18</size>
         <input_file_ref idref="fl-d1"/>
      </object_component>
      <object_component id="oc-d4">
         <name>.text:SysCtlPWMClockSet</name>
         <load_address>0x143c</load_address>
         <run_address>0x143c</run_address>
         <size>0x14</size>
         <input_file_ref idref="fl-da"/>
      </object_component>
      <object_component id="oc-1f3">
         <name>.text</name>
         <load_address>0x1450</load_address>
         <run_address>0x1450</run_address>
         <size>0x14</size>
         <input_file_ref idref="fl-d0"/>
      </object_component>
      <object_component id="oc-a6">
         <name>.text:GPIOPinTypePWM</name>
         <load_address>0x1464</load_address>
         <run_address>0x1464</run_address>
         <size>0x12</size>
         <input_file_ref idref="fl-d6"/>
      </object_component>
      <object_component id="oc-13d">
         <name>.text:GPIOPinTypeQEI</name>
         <load_address>0x1476</load_address>
         <run_address>0x1476</run_address>
         <size>0x12</size>
         <input_file_ref idref="fl-d6"/>
      </object_component>
      <object_component id="oc-fe">
         <name>.text:PWMOutputState</name>
         <load_address>0x1488</load_address>
         <run_address>0x1488</run_address>
         <size>0x12</size>
         <input_file_ref idref="fl-d8"/>
      </object_component>
      <object_component id="oc-11c">
         <name>.text:TimerLoadSet</name>
         <load_address>0x149a</load_address>
         <run_address>0x149a</run_address>
         <size>0x12</size>
         <input_file_ref idref="fl-db"/>
      </object_component>
      <object_component id="oc-12e">
         <name>.text:IntMasterEnable</name>
         <load_address>0x14ac</load_address>
         <run_address>0x14ac</run_address>
         <size>0x10</size>
         <input_file_ref idref="fl-d7"/>
      </object_component>
      <object_component id="oc-f8">
         <name>.text:PWMGenPeriodSet</name>
         <load_address>0x14bc</load_address>
         <run_address>0x14bc</run_address>
         <size>0x10</size>
         <input_file_ref idref="fl-d8"/>
      </object_component>
      <object_component id="oc-14f">
         <name>.text:QEIConfigure</name>
         <load_address>0x14cc</load_address>
         <run_address>0x14cc</run_address>
         <size>0xe</size>
         <input_file_ref idref="fl-d9"/>
      </object_component>
      <object_component id="oc-c4">
         <name>.text:QEIDirectionGet</name>
         <load_address>0x14da</load_address>
         <run_address>0x14da</run_address>
         <size>0xe</size>
         <input_file_ref idref="fl-d9"/>
      </object_component>
      <object_component id="oc-134">
         <name>.text:TimerEnable</name>
         <load_address>0x14e8</load_address>
         <run_address>0x14e8</run_address>
         <size>0xe</size>
         <input_file_ref idref="fl-db"/>
      </object_component>
      <object_component id="oc-18">
         <name>.text:decompress:none</name>
         <load_address>0x14f6</load_address>
         <run_address>0x14f6</run_address>
         <size>0xe</size>
         <input_file_ref idref="fl-c1"/>
      </object_component>
      <object_component id="oc-1cc">
         <name>.text:CPUcpsie</name>
         <load_address>0x1504</load_address>
         <run_address>0x1504</run_address>
         <size>0xc</size>
         <input_file_ref idref="fl-dd"/>
      </object_component>
      <object_component id="oc-104">
         <name>.text:PWMGenEnable</name>
         <load_address>0x1510</load_address>
         <run_address>0x1510</run_address>
         <size>0xc</size>
         <input_file_ref idref="fl-d8"/>
      </object_component>
      <object_component id="oc-1e">
         <name>.text:decompress:ZI</name>
         <load_address>0x151c</load_address>
         <run_address>0x151c</run_address>
         <size>0xc</size>
         <input_file_ref idref="fl-c2"/>
      </object_component>
      <object_component id="oc-2b">
         <name>.text</name>
         <load_address>0x1528</load_address>
         <run_address>0x1528</run_address>
         <size>0xc</size>
         <input_file_ref idref="fl-3"/>
      </object_component>
      <object_component id="oc-143">
         <name>.text:QEIDisable</name>
         <load_address>0x1534</load_address>
         <run_address>0x1534</run_address>
         <size>0xa</size>
         <input_file_ref idref="fl-d9"/>
      </object_component>
      <object_component id="oc-155">
         <name>.text:QEIEnable</name>
         <load_address>0x153e</load_address>
         <run_address>0x153e</run_address>
         <size>0xa</size>
         <input_file_ref idref="fl-d9"/>
      </object_component>
      <object_component id="oc-149">
         <name>.text:QEIIntDisable</name>
         <load_address>0x1548</load_address>
         <run_address>0x1548</run_address>
         <size>0xa</size>
         <input_file_ref idref="fl-d9"/>
      </object_component>
      <object_component id="oc-128">
         <name>.text:TimerIntEnable</name>
         <load_address>0x1552</load_address>
         <run_address>0x1552</run_address>
         <size>0x8</size>
         <input_file_ref idref="fl-db"/>
      </object_component>
      <object_component id="oc-a0">
         <name>.text:GPIOPinWrite</name>
         <load_address>0x155a</load_address>
         <run_address>0x155a</run_address>
         <size>0x6</size>
         <input_file_ref idref="fl-d6"/>
      </object_component>
      <object_component id="oc-1a8">
         <name>.text:SysCtlDelay</name>
         <load_address>0x1560</load_address>
         <run_address>0x1560</run_address>
         <size>0x6</size>
         <input_file_ref idref="fl-da"/>
      </object_component>
      <object_component id="oc-be">
         <name>.text:QEIPositionGet</name>
         <load_address>0x1566</load_address>
         <run_address>0x1566</run_address>
         <size>0x4</size>
         <input_file_ref idref="fl-d9"/>
      </object_component>
      <object_component id="oc-80">
         <name>.text:TimerIntClear</name>
         <load_address>0x156a</load_address>
         <run_address>0x156a</run_address>
         <size>0x4</size>
         <input_file_ref idref="fl-db"/>
      </object_component>
      <object_component id="oc-63">
         <name>.text</name>
         <load_address>0x156e</load_address>
         <run_address>0x156e</run_address>
         <size>0x4</size>
         <input_file_ref idref="fl-cd"/>
      </object_component>
      <object_component id="oc-1b4">
         <name>.const:g_pui32GPIOBaseAddrs</name>
         <load_address>0x1574</load_address>
         <run_address>0x1574</run_address>
         <size>0x90</size>
         <input_file_ref idref="fl-d6"/>
      </object_component>
      <object_component id="oc-1c6">
         <name>.const</name>
         <load_address>0x1604</load_address>
         <run_address>0x1604</run_address>
         <size>0x70</size>
         <input_file_ref idref="fl-d7"/>
      </object_component>
      <object_component id="oc-1c1">
         <name>.const:g_pui32Xtals</name>
         <load_address>0x1674</load_address>
         <run_address>0x1674</run_address>
         <size>0x6c</size>
         <input_file_ref idref="fl-da"/>
      </object_component>
      <object_component id="oc-247">
         <name>.cinit..data.load</name>
         <load_address>0x16e0</load_address>
         <run_address>0x16e0</run_address>
         <size>0x24</size>
      </object_component>
      <object_component id="oc-245">
         <name>__TI_handler_table</name>
         <load_address>0x1704</load_address>
         <run_address>0x1704</run_address>
         <size>0xc</size>
      </object_component>
      <object_component id="oc-248">
         <name>.cinit..bss.load</name>
         <load_address>0x1710</load_address>
         <run_address>0x1710</run_address>
         <size>0x8</size>
      </object_component>
      <object_component id="oc-246">
         <name>__TI_cinit_table</name>
         <load_address>0x1718</load_address>
         <run_address>0x1718</run_address>
         <size>0x10</size>
      </object_component>
      <object_component id="oc-10a">
         <name>.data</name>
         <load_address>0x20000200</load_address>
         <run_address>0x20000200</run_address>
         <size>0x2c</size>
         <input_file_ref idref="fl-2"/>
      </object_component>
      <object_component id="oc-190">
         <name>.data:$O1$$</name>
         <load_address>0x2000022c</load_address>
         <run_address>0x2000022c</run_address>
         <size>0xc</size>
         <input_file_ref idref="fl-c3"/>
      </object_component>
      <object_component id="oc-7b">
         <name>.data</name>
         <load_address>0x20000240</load_address>
         <run_address>0x20000240</run_address>
         <size>0x4</size>
         <input_file_ref idref="fl-ce"/>
      </object_component>
      <object_component id="oc-193">
         <name>.data:$O1$$</name>
         <load_address>0x20000238</load_address>
         <run_address>0x20000238</run_address>
         <size>0x8</size>
         <input_file_ref idref="fl-d0"/>
      </object_component>
      <object_component id="oc-10d">
         <name>.common:error</name>
         <uninitialized>true</uninitialized>
         <run_address>0x20000248</run_address>
         <size>0x4</size>
      </object_component>
      <object_component id="oc-13a">
         <name>.common:p</name>
         <uninitialized>true</uninitialized>
         <run_address>0x20000250</run_address>
         <size>0x4</size>
      </object_component>
      <object_component id="oc-13b">
         <name>.common:d</name>
         <uninitialized>true</uninitialized>
         <run_address>0x20000244</run_address>
         <size>0x4</size>
      </object_component>
      <object_component id="oc-13c">
         <name>.common:output</name>
         <uninitialized>true</uninitialized>
         <run_address>0x2000024c</run_address>
         <size>0x4</size>
      </object_component>
      <object_component id="oc-2a">
         <name>.stack</name>
         <uninitialized>true</uninitialized>
         <run_address>0x20000000</run_address>
         <size>0x0</size>
         <input_file_ref idref="fl-bf"/>
      </object_component>
      <object_component id="oc-249">
         <name>.stack</name>
         <uninitialized>true</uninitialized>
         <run_address>0x20000000</run_address>
         <size>0x0</size>
      </object_component>
      <object_component id="oc-10e">
         <name>.debug_info</name>
         <load_address>0x0</load_address>
         <run_address>0x0</run_address>
         <size>0x935</size>
         <input_file_ref idref="fl-2"/>
      </object_component>
      <object_component id="oc-10b">
         <name>.debug_info</name>
         <load_address>0x935</load_address>
         <run_address>0x935</run_address>
         <size>0x23e</size>
         <input_file_ref idref="fl-2"/>
      </object_component>
      <object_component id="oc-32">
         <name>.debug_info</name>
         <load_address>0xb73</load_address>
         <run_address>0xb73</run_address>
         <size>0x964</size>
         <input_file_ref idref="fl-2"/>
      </object_component>
      <object_component id="oc-15c">
         <name>.debug_info</name>
         <load_address>0x14d7</load_address>
         <run_address>0x14d7</run_address>
         <size>0x8b</size>
         <input_file_ref idref="fl-2"/>
      </object_component>
      <object_component id="oc-161">
         <name>.debug_info</name>
         <load_address>0x1562</load_address>
         <run_address>0x1562</run_address>
         <size>0x18b</size>
         <input_file_ref idref="fl-2"/>
      </object_component>
      <object_component id="oc-39">
         <name>.debug_info</name>
         <load_address>0x16ed</load_address>
         <run_address>0x16ed</run_address>
         <size>0x2de</size>
         <input_file_ref idref="fl-3"/>
      </object_component>
      <object_component id="oc-10">
         <name>.debug_info</name>
         <load_address>0x19cb</load_address>
         <run_address>0x19cb</run_address>
         <size>0x107</size>
         <input_file_ref idref="fl-3"/>
      </object_component>
      <object_component id="oc-2d">
         <name>.debug_info</name>
         <load_address>0x1ad2</load_address>
         <run_address>0x1ad2</run_address>
         <size>0x283</size>
         <input_file_ref idref="fl-3"/>
      </object_component>
      <object_component id="oc-40">
         <name>.debug_info</name>
         <load_address>0x1d55</load_address>
         <run_address>0x1d55</run_address>
         <size>0x84</size>
         <input_file_ref idref="fl-3"/>
      </object_component>
      <object_component id="oc-25">
         <name>.debug_info</name>
         <load_address>0x1dd9</load_address>
         <run_address>0x1dd9</run_address>
         <size>0x160</size>
         <input_file_ref idref="fl-bf"/>
      </object_component>
      <object_component id="oc-16d">
         <name>.debug_info</name>
         <load_address>0x1f39</load_address>
         <run_address>0x1f39</run_address>
         <size>0x293</size>
         <input_file_ref idref="fl-c0"/>
      </object_component>
      <object_component id="oc-15">
         <name>.debug_info</name>
         <load_address>0x21cc</load_address>
         <run_address>0x21cc</run_address>
         <size>0x245</size>
         <input_file_ref idref="fl-c0"/>
      </object_component>
      <object_component id="oc-3b">
         <name>.debug_info</name>
         <load_address>0x2411</load_address>
         <run_address>0x2411</run_address>
         <size>0x60</size>
         <input_file_ref idref="fl-c0"/>
      </object_component>
      <object_component id="oc-168">
         <name>.debug_info</name>
         <load_address>0x2471</load_address>
         <run_address>0x2471</run_address>
         <size>0x46</size>
         <input_file_ref idref="fl-c0"/>
      </object_component>
      <object_component id="oc-50">
         <name>.debug_info</name>
         <load_address>0x24b7</load_address>
         <run_address>0x24b7</run_address>
         <size>0x2da</size>
         <input_file_ref idref="fl-c1"/>
      </object_component>
      <object_component id="oc-1c">
         <name>.debug_info</name>
         <load_address>0x2791</load_address>
         <run_address>0x2791</run_address>
         <size>0x1df</size>
         <input_file_ref idref="fl-c1"/>
      </object_component>
      <object_component id="oc-4b">
         <name>.debug_info</name>
         <load_address>0x2970</load_address>
         <run_address>0x2970</run_address>
         <size>0x46</size>
         <input_file_ref idref="fl-c1"/>
      </object_component>
      <object_component id="oc-16f">
         <name>.debug_info</name>
         <load_address>0x29b6</load_address>
         <run_address>0x29b6</run_address>
         <size>0x2c</size>
         <input_file_ref idref="fl-c1"/>
      </object_component>
      <object_component id="oc-5c">
         <name>.debug_info</name>
         <load_address>0x29e2</load_address>
         <run_address>0x29e2</run_address>
         <size>0x2c9</size>
         <input_file_ref idref="fl-c2"/>
      </object_component>
      <object_component id="oc-20">
         <name>.debug_info</name>
         <load_address>0x2cab</load_address>
         <run_address>0x2cab</run_address>
         <size>0x1aa</size>
         <input_file_ref idref="fl-c2"/>
      </object_component>
      <object_component id="oc-57">
         <name>.debug_info</name>
         <load_address>0x2e55</load_address>
         <run_address>0x2e55</run_address>
         <size>0x46</size>
         <input_file_ref idref="fl-c2"/>
      </object_component>
      <object_component id="oc-177">
         <name>.debug_info</name>
         <load_address>0x2e9b</load_address>
         <run_address>0x2e9b</run_address>
         <size>0x2c</size>
         <input_file_ref idref="fl-c2"/>
      </object_component>
      <object_component id="oc-197">
         <name>.debug_info</name>
         <load_address>0x2ec7</load_address>
         <run_address>0x2ec7</run_address>
         <size>0x3ce</size>
         <input_file_ref idref="fl-c3"/>
      </object_component>
      <object_component id="oc-191">
         <name>.debug_info</name>
         <load_address>0x3295</load_address>
         <run_address>0x3295</run_address>
         <size>0x185</size>
         <input_file_ref idref="fl-c3"/>
      </object_component>
      <object_component id="oc-76">
         <name>.debug_info</name>
         <load_address>0x341a</load_address>
         <run_address>0x341a</run_address>
         <size>0x214</size>
         <input_file_ref idref="fl-c3"/>
      </object_component>
      <object_component id="oc-8c">
         <name>.debug_info</name>
         <load_address>0x362e</load_address>
         <run_address>0x362e</run_address>
         <size>0x144</size>
         <input_file_ref idref="fl-c4"/>
      </object_component>
      <object_component id="oc-d1">
         <name>.debug_info</name>
         <load_address>0x3772</load_address>
         <run_address>0x3772</run_address>
         <size>0x132</size>
         <input_file_ref idref="fl-c5"/>
      </object_component>
      <object_component id="oc-92">
         <name>.debug_info</name>
         <load_address>0x38a4</load_address>
         <run_address>0x38a4</run_address>
         <size>0x132</size>
         <input_file_ref idref="fl-c6"/>
      </object_component>
      <object_component id="oc-97">
         <name>.debug_info</name>
         <load_address>0x39d6</load_address>
         <run_address>0x39d6</run_address>
         <size>0x136</size>
         <input_file_ref idref="fl-c7"/>
      </object_component>
      <object_component id="oc-88">
         <name>.debug_info</name>
         <load_address>0x3b0c</load_address>
         <run_address>0x3b0c</run_address>
         <size>0x124</size>
         <input_file_ref idref="fl-c8"/>
      </object_component>
      <object_component id="oc-cc">
         <name>.debug_info</name>
         <load_address>0x3c30</load_address>
         <run_address>0x3c30</run_address>
         <size>0x124</size>
         <input_file_ref idref="fl-c9"/>
      </object_component>
      <object_component id="oc-47">
         <name>.debug_info</name>
         <load_address>0x3d54</load_address>
         <run_address>0x3d54</run_address>
         <size>0x111</size>
         <input_file_ref idref="fl-ca"/>
      </object_component>
      <object_component id="oc-54">
         <name>.debug_info</name>
         <load_address>0x3e65</load_address>
         <run_address>0x3e65</run_address>
         <size>0x13f</size>
         <input_file_ref idref="fl-cb"/>
      </object_component>
      <object_component id="oc-5e">
         <name>.debug_info</name>
         <load_address>0x3fa4</load_address>
         <run_address>0x3fa4</run_address>
         <size>0x138</size>
         <input_file_ref idref="fl-cc"/>
      </object_component>
      <object_component id="oc-65">
         <name>.debug_info</name>
         <load_address>0x40dc</load_address>
         <run_address>0x40dc</run_address>
         <size>0x148</size>
         <input_file_ref idref="fl-cd"/>
      </object_component>
      <object_component id="oc-7c">
         <name>.debug_info</name>
         <load_address>0x4224</load_address>
         <run_address>0x4224</run_address>
         <size>0x109</size>
         <input_file_ref idref="fl-ce"/>
      </object_component>
      <object_component id="oc-1fb">
         <name>.debug_info</name>
         <load_address>0x432d</load_address>
         <run_address>0x432d</run_address>
         <size>0x2be</size>
         <input_file_ref idref="fl-d0"/>
      </object_component>
      <object_component id="oc-194">
         <name>.debug_info</name>
         <load_address>0x45eb</load_address>
         <run_address>0x45eb</run_address>
         <size>0x113</size>
         <input_file_ref idref="fl-d0"/>
      </object_component>
      <object_component id="oc-1f5">
         <name>.debug_info</name>
         <load_address>0x46fe</load_address>
         <run_address>0x46fe</run_address>
         <size>0x21f</size>
         <input_file_ref idref="fl-d0"/>
      </object_component>
      <object_component id="oc-18f">
         <name>.debug_info</name>
         <load_address>0x491d</load_address>
         <run_address>0x491d</run_address>
         <size>0x300</size>
         <input_file_ref idref="fl-d1"/>
      </object_component>
      <object_component id="oc-72">
         <name>.debug_info</name>
         <load_address>0x4c1d</load_address>
         <run_address>0x4c1d</run_address>
         <size>0x167</size>
         <input_file_ref idref="fl-d1"/>
      </object_component>
      <object_component id="oc-1ec">
         <name>.debug_info</name>
         <load_address>0x4d84</load_address>
         <run_address>0x4d84</run_address>
         <size>0x5e</size>
         <input_file_ref idref="fl-d1"/>
      </object_component>
      <object_component id="oc-18d">
         <name>.debug_info</name>
         <load_address>0x4de2</load_address>
         <run_address>0x4de2</run_address>
         <size>0x483</size>
         <input_file_ref idref="fl-d2"/>
      </object_component>
      <object_component id="oc-6b">
         <name>.debug_info</name>
         <load_address>0x5265</load_address>
         <run_address>0x5265</run_address>
         <size>0x190</size>
         <input_file_ref idref="fl-d2"/>
      </object_component>
      <object_component id="oc-1e0">
         <name>.debug_info</name>
         <load_address>0x53f5</load_address>
         <run_address>0x53f5</run_address>
         <size>0x39</size>
         <input_file_ref idref="fl-d2"/>
      </object_component>
      <object_component id="oc-21e">
         <name>.debug_info</name>
         <load_address>0x542e</load_address>
         <run_address>0x542e</run_address>
         <size>0x39</size>
         <input_file_ref idref="fl-d2"/>
      </object_component>
      <object_component id="oc-1e5">
         <name>.debug_info</name>
         <load_address>0x5467</load_address>
         <run_address>0x5467</run_address>
         <size>0xcd</size>
         <input_file_ref idref="fl-d2"/>
      </object_component>
      <object_component id="oc-1dc">
         <name>.debug_info</name>
         <load_address>0x5534</load_address>
         <run_address>0x5534</run_address>
         <size>0x37a</size>
         <input_file_ref idref="fl-d3"/>
      </object_component>
      <object_component id="oc-181">
         <name>.debug_info</name>
         <load_address>0x58ae</load_address>
         <run_address>0x58ae</run_address>
         <size>0x183</size>
         <input_file_ref idref="fl-d3"/>
      </object_component>
      <object_component id="oc-219">
         <name>.debug_info</name>
         <load_address>0x5a31</load_address>
         <run_address>0x5a31</run_address>
         <size>0x2c</size>
         <input_file_ref idref="fl-d3"/>
      </object_component>
      <object_component id="oc-187">
         <name>.debug_info</name>
         <load_address>0x5a5d</load_address>
         <run_address>0x5a5d</run_address>
         <size>0x145</size>
         <input_file_ref idref="fl-d5"/>
      </object_component>
      <object_component id="oc-1a2">
         <name>.debug_info</name>
         <load_address>0x5ba2</load_address>
         <run_address>0x5ba2</run_address>
         <size>0x240</size>
         <input_file_ref idref="fl-d6"/>
      </object_component>
      <object_component id="oc-1b5">
         <name>.debug_info</name>
         <load_address>0x5de2</load_address>
         <run_address>0x5de2</run_address>
         <size>0x15b</size>
         <input_file_ref idref="fl-d6"/>
      </object_component>
      <object_component id="oc-a1">
         <name>.debug_info</name>
         <load_address>0x5f3d</load_address>
         <run_address>0x5f3d</run_address>
         <size>0x2a3</size>
         <input_file_ref idref="fl-d6"/>
      </object_component>
      <object_component id="oc-e7">
         <name>.debug_info</name>
         <load_address>0x61e0</load_address>
         <run_address>0x61e0</run_address>
         <size>0x2b3</size>
         <input_file_ref idref="fl-d6"/>
      </object_component>
      <object_component id="oc-b3">
         <name>.debug_info</name>
         <load_address>0x6493</load_address>
         <run_address>0x6493</run_address>
         <size>0x316</size>
         <input_file_ref idref="fl-d6"/>
      </object_component>
      <object_component id="oc-13e">
         <name>.debug_info</name>
         <load_address>0x67a9</load_address>
         <run_address>0x67a9</run_address>
         <size>0x279</size>
         <input_file_ref idref="fl-d6"/>
      </object_component>
      <object_component id="oc-a7">
         <name>.debug_info</name>
         <load_address>0x6a22</load_address>
         <run_address>0x6a22</run_address>
         <size>0x279</size>
         <input_file_ref idref="fl-d6"/>
      </object_component>
      <object_component id="oc-9b">
         <name>.debug_info</name>
         <load_address>0x6c9b</load_address>
         <run_address>0x6c9b</run_address>
         <size>0x2b7</size>
         <input_file_ref idref="fl-d6"/>
      </object_component>
      <object_component id="oc-ed">
         <name>.debug_info</name>
         <load_address>0x6f52</load_address>
         <run_address>0x6f52</run_address>
         <size>0x280</size>
         <input_file_ref idref="fl-d6"/>
      </object_component>
      <object_component id="oc-1ca">
         <name>.debug_info</name>
         <load_address>0x71d2</load_address>
         <run_address>0x71d2</run_address>
         <size>0x20e</size>
         <input_file_ref idref="fl-d7"/>
      </object_component>
      <object_component id="oc-1c7">
         <name>.debug_info</name>
         <load_address>0x73e0</load_address>
         <run_address>0x73e0</run_address>
         <size>0x210</size>
         <input_file_ref idref="fl-d7"/>
      </object_component>
      <object_component id="oc-12f">
         <name>.debug_info</name>
         <load_address>0x75f0</load_address>
         <run_address>0x75f0</run_address>
         <size>0x23e</size>
         <input_file_ref idref="fl-d7"/>
      </object_component>
      <object_component id="oc-123">
         <name>.debug_info</name>
         <load_address>0x782e</load_address>
         <run_address>0x782e</run_address>
         <size>0x268</size>
         <input_file_ref idref="fl-d7"/>
      </object_component>
      <object_component id="oc-1a6">
         <name>.debug_info</name>
         <load_address>0x7a96</load_address>
         <run_address>0x7a96</run_address>
         <size>0x1ed</size>
         <input_file_ref idref="fl-d8"/>
      </object_component>
      <object_component id="oc-ae">
         <name>.debug_info</name>
         <load_address>0x7c83</load_address>
         <run_address>0x7c83</run_address>
         <size>0x2f6</size>
         <input_file_ref idref="fl-d8"/>
      </object_component>
      <object_component id="oc-100">
         <name>.debug_info</name>
         <load_address>0x7f79</load_address>
         <run_address>0x7f79</run_address>
         <size>0x2c4</size>
         <input_file_ref idref="fl-d8"/>
      </object_component>
      <object_component id="oc-f9">
         <name>.debug_info</name>
         <load_address>0x823d</load_address>
         <run_address>0x823d</run_address>
         <size>0x2b6</size>
         <input_file_ref idref="fl-d8"/>
      </object_component>
      <object_component id="oc-105">
         <name>.debug_info</name>
         <load_address>0x84f3</load_address>
         <run_address>0x84f3</run_address>
         <size>0x276</size>
         <input_file_ref idref="fl-d8"/>
      </object_component>
      <object_component id="oc-f4">
         <name>.debug_info</name>
         <load_address>0x8769</load_address>
         <run_address>0x8769</run_address>
         <size>0x2b3</size>
         <input_file_ref idref="fl-d8"/>
      </object_component>
      <object_component id="oc-1ac">
         <name>.debug_info</name>
         <load_address>0x8a1c</load_address>
         <run_address>0x8a1c</run_address>
         <size>0x1e8</size>
         <input_file_ref idref="fl-d9"/>
      </object_component>
      <object_component id="oc-bf">
         <name>.debug_info</name>
         <load_address>0x8c04</load_address>
         <run_address>0x8c04</run_address>
         <size>0x24d</size>
         <input_file_ref idref="fl-d9"/>
      </object_component>
      <object_component id="oc-14a">
         <name>.debug_info</name>
         <load_address>0x8e51</load_address>
         <run_address>0x8e51</run_address>
         <size>0x28c</size>
         <input_file_ref idref="fl-d9"/>
      </object_component>
      <object_component id="oc-156">
         <name>.debug_info</name>
         <load_address>0x90dd</load_address>
         <run_address>0x90dd</run_address>
         <size>0x23f</size>
         <input_file_ref idref="fl-d9"/>
      </object_component>
      <object_component id="oc-144">
         <name>.debug_info</name>
         <load_address>0x931c</load_address>
         <run_address>0x931c</run_address>
         <size>0x241</size>
         <input_file_ref idref="fl-d9"/>
      </object_component>
      <object_component id="oc-c5">
         <name>.debug_info</name>
         <load_address>0x955d</load_address>
         <run_address>0x955d</run_address>
         <size>0x24f</size>
         <input_file_ref idref="fl-d9"/>
      </object_component>
      <object_component id="oc-151">
         <name>.debug_info</name>
         <load_address>0x97ac</load_address>
         <run_address>0x97ac</run_address>
         <size>0x2cd</size>
         <input_file_ref idref="fl-d9"/>
      </object_component>
      <object_component id="oc-1aa">
         <name>.debug_info</name>
         <load_address>0x9a79</load_address>
         <run_address>0x9a79</run_address>
         <size>0x298</size>
         <input_file_ref idref="fl-da"/>
      </object_component>
      <object_component id="oc-1c2">
         <name>.debug_info</name>
         <load_address>0x9d11</load_address>
         <run_address>0x9d11</run_address>
         <size>0x14d</size>
         <input_file_ref idref="fl-da"/>
      </object_component>
      <object_component id="oc-e1">
         <name>.debug_info</name>
         <load_address>0x9e5e</load_address>
         <run_address>0x9e5e</run_address>
         <size>0x27f</size>
         <input_file_ref idref="fl-da"/>
      </object_component>
      <object_component id="oc-dc">
         <name>.debug_info</name>
         <load_address>0xa0dd</load_address>
         <run_address>0xa0dd</run_address>
         <size>0x27d</size>
         <input_file_ref idref="fl-da"/>
      </object_component>
      <object_component id="oc-d5">
         <name>.debug_info</name>
         <load_address>0xa35a</load_address>
         <run_address>0xa35a</run_address>
         <size>0x263</size>
         <input_file_ref idref="fl-da"/>
      </object_component>
      <object_component id="oc-b9">
         <name>.debug_info</name>
         <load_address>0xa5bd</load_address>
         <run_address>0xa5bd</run_address>
         <size>0x2db</size>
         <input_file_ref idref="fl-da"/>
      </object_component>
      <object_component id="oc-117">
         <name>.debug_info</name>
         <load_address>0xa898</load_address>
         <run_address>0xa898</run_address>
         <size>0x2b5</size>
         <input_file_ref idref="fl-da"/>
      </object_component>
      <object_component id="oc-207">
         <name>.debug_info</name>
         <load_address>0xab4d</load_address>
         <run_address>0xab4d</run_address>
         <size>0x5f</size>
         <input_file_ref idref="fl-da"/>
      </object_component>
      <object_component id="oc-19c">
         <name>.debug_info</name>
         <load_address>0xabac</load_address>
         <run_address>0xabac</run_address>
         <size>0x223</size>
         <input_file_ref idref="fl-db"/>
      </object_component>
      <object_component id="oc-11d">
         <name>.debug_info</name>
         <load_address>0xadcf</load_address>
         <run_address>0xadcf</run_address>
         <size>0x2ba</size>
         <input_file_ref idref="fl-db"/>
      </object_component>
      <object_component id="oc-129">
         <name>.debug_info</name>
         <load_address>0xb089</load_address>
         <run_address>0xb089</run_address>
         <size>0x294</size>
         <input_file_ref idref="fl-db"/>
      </object_component>
      <object_component id="oc-81">
         <name>.debug_info</name>
         <load_address>0xb31d</load_address>
         <run_address>0xb31d</run_address>
         <size>0x292</size>
         <input_file_ref idref="fl-db"/>
      </object_component>
      <object_component id="oc-135">
         <name>.debug_info</name>
         <load_address>0xb5af</load_address>
         <run_address>0xb5af</run_address>
         <size>0x27f</size>
         <input_file_ref idref="fl-db"/>
      </object_component>
      <object_component id="oc-111">
         <name>.debug_info</name>
         <load_address>0xb82e</load_address>
         <run_address>0xb82e</run_address>
         <size>0x28c</size>
         <input_file_ref idref="fl-db"/>
      </object_component>
      <object_component id="oc-1d0">
         <name>.debug_info</name>
         <load_address>0xbaba</load_address>
         <run_address>0xbaba</run_address>
         <size>0x212</size>
         <input_file_ref idref="fl-dd"/>
      </object_component>
      <object_component id="oc-24a">
         <name>.debug_info</name>
         <load_address>0xbccc</load_address>
         <run_address>0xbccc</run_address>
         <size>0xbd</size>
      </object_component>
      <object_component id="oc-1bf">
         <name>.debug_line</name>
         <load_address>0x0</load_address>
         <run_address>0x0</run_address>
         <size>0x17e</size>
         <input_file_ref idref="fl-2"/>
      </object_component>
      <object_component id="oc-1bd">
         <name>.debug_line</name>
         <load_address>0x17e</load_address>
         <run_address>0x17e</run_address>
         <size>0x34</size>
         <input_file_ref idref="fl-2"/>
      </object_component>
      <object_component id="oc-35">
         <name>.debug_line</name>
         <load_address>0x1b2</load_address>
         <run_address>0x1b2</run_address>
         <size>0x189</size>
         <input_file_ref idref="fl-2"/>
      </object_component>
      <object_component id="oc-15f">
         <name>.debug_line</name>
         <load_address>0x33b</load_address>
         <run_address>0x33b</run_address>
         <size>0x20</size>
         <input_file_ref idref="fl-2"/>
      </object_component>
      <object_component id="oc-164">
         <name>.debug_line</name>
         <load_address>0x35b</load_address>
         <run_address>0x35b</run_address>
         <size>0x65</size>
         <input_file_ref idref="fl-2"/>
      </object_component>
      <object_component id="oc-167">
         <name>.debug_line</name>
         <load_address>0x3c0</load_address>
         <run_address>0x3c0</run_address>
         <size>0x41</size>
         <input_file_ref idref="fl-3"/>
      </object_component>
      <object_component id="oc-38">
         <name>.debug_line</name>
         <load_address>0x401</load_address>
         <run_address>0x401</run_address>
         <size>0x41</size>
         <input_file_ref idref="fl-3"/>
      </object_component>
      <object_component id="oc-2c">
         <name>.debug_line</name>
         <load_address>0x442</load_address>
         <run_address>0x442</run_address>
         <size>0xa1</size>
         <input_file_ref idref="fl-3"/>
      </object_component>
      <object_component id="oc-43">
         <name>.debug_line</name>
         <load_address>0x4e3</load_address>
         <run_address>0x4e3</run_address>
         <size>0x20</size>
         <input_file_ref idref="fl-3"/>
      </object_component>
      <object_component id="oc-28">
         <name>.debug_line</name>
         <load_address>0x503</load_address>
         <run_address>0x503</run_address>
         <size>0x53</size>
         <input_file_ref idref="fl-bf"/>
      </object_component>
      <object_component id="oc-1da">
         <name>.debug_line</name>
         <load_address>0x556</load_address>
         <run_address>0x556</run_address>
         <size>0x20</size>
         <input_file_ref idref="fl-c0"/>
      </object_component>
      <object_component id="oc-17">
         <name>.debug_line</name>
         <load_address>0x576</load_address>
         <run_address>0x576</run_address>
         <size>0xa9</size>
         <input_file_ref idref="fl-c0"/>
      </object_component>
      <object_component id="oc-3e">
         <name>.debug_line</name>
         <load_address>0x61f</load_address>
         <run_address>0x61f</run_address>
         <size>0x3a</size>
         <input_file_ref idref="fl-c0"/>
      </object_component>
      <object_component id="oc-16b">
         <name>.debug_line</name>
         <load_address>0x659</load_address>
         <run_address>0x659</run_address>
         <size>0x8a</size>
         <input_file_ref idref="fl-c0"/>
      </object_component>
      <object_component id="oc-175">
         <name>.debug_line</name>
         <load_address>0x6e3</load_address>
         <run_address>0x6e3</run_address>
         <size>0x8a</size>
         <input_file_ref idref="fl-c1"/>
      </object_component>
      <object_component id="oc-1a">
         <name>.debug_line</name>
         <load_address>0x76d</load_address>
         <run_address>0x76d</run_address>
         <size>0x55</size>
         <input_file_ref idref="fl-c1"/>
      </object_component>
      <object_component id="oc-4e">
         <name>.debug_line</name>
         <load_address>0x7c2</load_address>
         <run_address>0x7c2</run_address>
         <size>0x3a</size>
         <input_file_ref idref="fl-c1"/>
      </object_component>
      <object_component id="oc-172">
         <name>.debug_line</name>
         <load_address>0x7fc</load_address>
         <run_address>0x7fc</run_address>
         <size>0x8a</size>
         <input_file_ref idref="fl-c1"/>
      </object_component>
      <object_component id="oc-17d">
         <name>.debug_line</name>
         <load_address>0x886</load_address>
         <run_address>0x886</run_address>
         <size>0x8a</size>
         <input_file_ref idref="fl-c2"/>
      </object_component>
      <object_component id="oc-22">
         <name>.debug_line</name>
         <load_address>0x910</load_address>
         <run_address>0x910</run_address>
         <size>0x4f</size>
         <input_file_ref idref="fl-c2"/>
      </object_component>
      <object_component id="oc-5a">
         <name>.debug_line</name>
         <load_address>0x95f</load_address>
         <run_address>0x95f</run_address>
         <size>0x34</size>
         <input_file_ref idref="fl-c2"/>
      </object_component>
      <object_component id="oc-17a">
         <name>.debug_line</name>
         <load_address>0x993</load_address>
         <run_address>0x993</run_address>
         <size>0x8a</size>
         <input_file_ref idref="fl-c2"/>
      </object_component>
      <object_component id="oc-1fe">
         <name>.debug_line</name>
         <load_address>0xa1d</load_address>
         <run_address>0xa1d</run_address>
         <size>0xf2</size>
         <input_file_ref idref="fl-c3"/>
      </object_component>
      <object_component id="oc-1f2">
         <name>.debug_line</name>
         <load_address>0xb0f</load_address>
         <run_address>0xb0f</run_address>
         <size>0x2a</size>
         <input_file_ref idref="fl-c3"/>
      </object_component>
      <object_component id="oc-79">
         <name>.debug_line</name>
         <load_address>0xb39</load_address>
         <run_address>0xb39</run_address>
         <size>0x86</size>
         <input_file_ref idref="fl-c3"/>
      </object_component>
      <object_component id="oc-8f">
         <name>.debug_line</name>
         <load_address>0xbbf</load_address>
         <run_address>0xbbf</run_address>
         <size>0xd2</size>
         <input_file_ref idref="fl-c4"/>
      </object_component>
      <object_component id="oc-d0">
         <name>.debug_line</name>
         <load_address>0xc91</load_address>
         <run_address>0xc91</run_address>
         <size>0xa8</size>
         <input_file_ref idref="fl-c5"/>
      </object_component>
      <object_component id="oc-94">
         <name>.debug_line</name>
         <load_address>0xd39</load_address>
         <run_address>0xd39</run_address>
         <size>0x8e</size>
         <input_file_ref idref="fl-c6"/>
      </object_component>
      <object_component id="oc-96">
         <name>.debug_line</name>
         <load_address>0xdc7</load_address>
         <run_address>0xdc7</run_address>
         <size>0x67</size>
         <input_file_ref idref="fl-c7"/>
      </object_component>
      <object_component id="oc-87">
         <name>.debug_line</name>
         <load_address>0xe2e</load_address>
         <run_address>0xe2e</run_address>
         <size>0x57</size>
         <input_file_ref idref="fl-c8"/>
      </object_component>
      <object_component id="oc-cb">
         <name>.debug_line</name>
         <load_address>0xe85</load_address>
         <run_address>0xe85</run_address>
         <size>0x50</size>
         <input_file_ref idref="fl-c9"/>
      </object_component>
      <object_component id="oc-49">
         <name>.debug_line</name>
         <load_address>0xed5</load_address>
         <run_address>0xed5</run_address>
         <size>0x88</size>
         <input_file_ref idref="fl-ca"/>
      </object_component>
      <object_component id="oc-52">
         <name>.debug_line</name>
         <load_address>0xf5d</load_address>
         <run_address>0xf5d</run_address>
         <size>0x79</size>
         <input_file_ref idref="fl-cb"/>
      </object_component>
      <object_component id="oc-61">
         <name>.debug_line</name>
         <load_address>0xfd6</load_address>
         <run_address>0xfd6</run_address>
         <size>0x3d</size>
         <input_file_ref idref="fl-cc"/>
      </object_component>
      <object_component id="oc-68">
         <name>.debug_line</name>
         <load_address>0x1013</load_address>
         <run_address>0x1013</run_address>
         <size>0x40</size>
         <input_file_ref idref="fl-cd"/>
      </object_component>
      <object_component id="oc-19a">
         <name>.debug_line</name>
         <load_address>0x1053</load_address>
         <run_address>0x1053</run_address>
         <size>0x33</size>
         <input_file_ref idref="fl-ce"/>
      </object_component>
      <object_component id="oc-225">
         <name>.debug_line</name>
         <load_address>0x1086</load_address>
         <run_address>0x1086</run_address>
         <size>0x20</size>
         <input_file_ref idref="fl-d0"/>
      </object_component>
      <object_component id="oc-1fa">
         <name>.debug_line</name>
         <load_address>0x10a6</load_address>
         <run_address>0x10a6</run_address>
         <size>0x2b</size>
         <input_file_ref idref="fl-d0"/>
      </object_component>
      <object_component id="oc-1f8">
         <name>.debug_line</name>
         <load_address>0x10d1</load_address>
         <run_address>0x10d1</run_address>
         <size>0x68</size>
         <input_file_ref idref="fl-d0"/>
      </object_component>
      <object_component id="oc-1eb">
         <name>.debug_line</name>
         <load_address>0x1139</load_address>
         <run_address>0x1139</run_address>
         <size>0x2b</size>
         <input_file_ref idref="fl-d1"/>
      </object_component>
      <object_component id="oc-70">
         <name>.debug_line</name>
         <load_address>0x1164</load_address>
         <run_address>0x1164</run_address>
         <size>0x4a</size>
         <input_file_ref idref="fl-d1"/>
      </object_component>
      <object_component id="oc-1ef">
         <name>.debug_line</name>
         <load_address>0x11ae</load_address>
         <run_address>0x11ae</run_address>
         <size>0x2b</size>
         <input_file_ref idref="fl-d1"/>
      </object_component>
      <object_component id="oc-1df">
         <name>.debug_line</name>
         <load_address>0x11d9</load_address>
         <run_address>0x11d9</run_address>
         <size>0xa9</size>
         <input_file_ref idref="fl-d2"/>
      </object_component>
      <object_component id="oc-6a">
         <name>.debug_line</name>
         <load_address>0x1282</load_address>
         <run_address>0x1282</run_address>
         <size>0x8b</size>
         <input_file_ref idref="fl-d2"/>
      </object_component>
      <object_component id="oc-1e3">
         <name>.debug_line</name>
         <load_address>0x130d</load_address>
         <run_address>0x130d</run_address>
         <size>0x2e</size>
         <input_file_ref idref="fl-d2"/>
      </object_component>
      <object_component id="oc-221">
         <name>.debug_line</name>
         <load_address>0x133b</load_address>
         <run_address>0x133b</run_address>
         <size>0x8a</size>
         <input_file_ref idref="fl-d2"/>
      </object_component>
      <object_component id="oc-1e8">
         <name>.debug_line</name>
         <load_address>0x13c5</load_address>
         <run_address>0x13c5</run_address>
         <size>0x8b</size>
         <input_file_ref idref="fl-d2"/>
      </object_component>
      <object_component id="oc-218">
         <name>.debug_line</name>
         <load_address>0x1450</load_address>
         <run_address>0x1450</run_address>
         <size>0x98</size>
         <input_file_ref idref="fl-d3"/>
      </object_component>
      <object_component id="oc-184">
         <name>.debug_line</name>
         <load_address>0x14e8</load_address>
         <run_address>0x14e8</run_address>
         <size>0x68</size>
         <input_file_ref idref="fl-d3"/>
      </object_component>
      <object_component id="oc-21c">
         <name>.debug_line</name>
         <load_address>0x1550</load_address>
         <run_address>0x1550</run_address>
         <size>0x2e</size>
         <input_file_ref idref="fl-d3"/>
      </object_component>
      <object_component id="oc-18a">
         <name>.debug_line</name>
         <load_address>0x157e</load_address>
         <run_address>0x157e</run_address>
         <size>0x3c</size>
         <input_file_ref idref="fl-d5"/>
      </object_component>
      <object_component id="oc-202">
         <name>.debug_line</name>
         <load_address>0x15ba</load_address>
         <run_address>0x15ba</run_address>
         <size>0x82</size>
         <input_file_ref idref="fl-d6"/>
      </object_component>
      <object_component id="oc-20f">
         <name>.debug_line</name>
         <load_address>0x163c</load_address>
         <run_address>0x163c</run_address>
         <size>0x7d</size>
         <input_file_ref idref="fl-d6"/>
      </object_component>
      <object_component id="oc-a4">
         <name>.debug_line</name>
         <load_address>0x16b9</load_address>
         <run_address>0x16b9</run_address>
         <size>0x92</size>
         <input_file_ref idref="fl-d6"/>
      </object_component>
      <object_component id="oc-ea">
         <name>.debug_line</name>
         <load_address>0x174b</load_address>
         <run_address>0x174b</run_address>
         <size>0x95</size>
         <input_file_ref idref="fl-d6"/>
      </object_component>
      <object_component id="oc-b6">
         <name>.debug_line</name>
         <load_address>0x17e0</load_address>
         <run_address>0x17e0</run_address>
         <size>0xd1</size>
         <input_file_ref idref="fl-d6"/>
      </object_component>
      <object_component id="oc-142">
         <name>.debug_line</name>
         <load_address>0x18b1</load_address>
         <run_address>0x18b1</run_address>
         <size>0x93</size>
         <input_file_ref idref="fl-d6"/>
      </object_component>
      <object_component id="oc-ab">
         <name>.debug_line</name>
         <load_address>0x1944</load_address>
         <run_address>0x1944</run_address>
         <size>0x93</size>
         <input_file_ref idref="fl-d6"/>
      </object_component>
      <object_component id="oc-9f">
         <name>.debug_line</name>
         <load_address>0x19d7</load_address>
         <run_address>0x19d7</run_address>
         <size>0x99</size>
         <input_file_ref idref="fl-d6"/>
      </object_component>
      <object_component id="oc-f1">
         <name>.debug_line</name>
         <load_address>0x1a70</load_address>
         <run_address>0x1a70</run_address>
         <size>0xa7</size>
         <input_file_ref idref="fl-d6"/>
      </object_component>
      <object_component id="oc-215">
         <name>.debug_line</name>
         <load_address>0x1b17</load_address>
         <run_address>0x1b17</run_address>
         <size>0x7c</size>
         <input_file_ref idref="fl-d7"/>
      </object_component>
      <object_component id="oc-213">
         <name>.debug_line</name>
         <load_address>0x1b93</load_address>
         <run_address>0x1b93</run_address>
         <size>0x82</size>
         <input_file_ref idref="fl-d7"/>
      </object_component>
      <object_component id="oc-132">
         <name>.debug_line</name>
         <load_address>0x1c15</load_address>
         <run_address>0x1c15</run_address>
         <size>0x97</size>
         <input_file_ref idref="fl-d7"/>
      </object_component>
      <object_component id="oc-126">
         <name>.debug_line</name>
         <load_address>0x1cac</load_address>
         <run_address>0x1cac</run_address>
         <size>0xc2</size>
         <input_file_ref idref="fl-d7"/>
      </object_component>
      <object_component id="oc-204">
         <name>.debug_line</name>
         <load_address>0x1d6e</load_address>
         <run_address>0x1d6e</run_address>
         <size>0x82</size>
         <input_file_ref idref="fl-d8"/>
      </object_component>
      <object_component id="oc-b1">
         <name>.debug_line</name>
         <load_address>0x1df0</load_address>
         <run_address>0x1df0</run_address>
         <size>0x9e</size>
         <input_file_ref idref="fl-d8"/>
      </object_component>
      <object_component id="oc-103">
         <name>.debug_line</name>
         <load_address>0x1e8e</load_address>
         <run_address>0x1e8e</run_address>
         <size>0x95</size>
         <input_file_ref idref="fl-d8"/>
      </object_component>
      <object_component id="oc-fc">
         <name>.debug_line</name>
         <load_address>0x1f23</load_address>
         <run_address>0x1f23</run_address>
         <size>0x96</size>
         <input_file_ref idref="fl-d8"/>
      </object_component>
      <object_component id="oc-108">
         <name>.debug_line</name>
         <load_address>0x1fb9</load_address>
         <run_address>0x1fb9</run_address>
         <size>0x91</size>
         <input_file_ref idref="fl-d8"/>
      </object_component>
      <object_component id="oc-f3">
         <name>.debug_line</name>
         <load_address>0x204a</load_address>
         <run_address>0x204a</run_address>
         <size>0x9b</size>
         <input_file_ref idref="fl-d8"/>
      </object_component>
      <object_component id="oc-20d">
         <name>.debug_line</name>
         <load_address>0x20e5</load_address>
         <run_address>0x20e5</run_address>
         <size>0x82</size>
         <input_file_ref idref="fl-d9"/>
      </object_component>
      <object_component id="oc-c2">
         <name>.debug_line</name>
         <load_address>0x2167</load_address>
         <run_address>0x2167</run_address>
         <size>0x91</size>
         <input_file_ref idref="fl-d9"/>
      </object_component>
      <object_component id="oc-14d">
         <name>.debug_line</name>
         <load_address>0x21f8</load_address>
         <run_address>0x21f8</run_address>
         <size>0x91</size>
         <input_file_ref idref="fl-d9"/>
      </object_component>
      <object_component id="oc-159">
         <name>.debug_line</name>
         <load_address>0x2289</load_address>
         <run_address>0x2289</run_address>
         <size>0x8e</size>
         <input_file_ref idref="fl-d9"/>
      </object_component>
      <object_component id="oc-147">
         <name>.debug_line</name>
         <load_address>0x2317</load_address>
         <run_address>0x2317</run_address>
         <size>0x8e</size>
         <input_file_ref idref="fl-d9"/>
      </object_component>
      <object_component id="oc-c8">
         <name>.debug_line</name>
         <load_address>0x23a5</load_address>
         <run_address>0x23a5</run_address>
         <size>0x91</size>
         <input_file_ref idref="fl-d9"/>
      </object_component>
      <object_component id="oc-150">
         <name>.debug_line</name>
         <load_address>0x2436</load_address>
         <run_address>0x2436</run_address>
         <size>0x92</size>
         <input_file_ref idref="fl-d9"/>
      </object_component>
      <object_component id="oc-206">
         <name>.debug_line</name>
         <load_address>0x24c8</load_address>
         <run_address>0x24c8</run_address>
         <size>0x13d</size>
         <input_file_ref idref="fl-da"/>
      </object_component>
      <object_component id="oc-211">
         <name>.debug_line</name>
         <load_address>0x2605</load_address>
         <run_address>0x2605</run_address>
         <size>0x7f</size>
         <input_file_ref idref="fl-da"/>
      </object_component>
      <object_component id="oc-e4">
         <name>.debug_line</name>
         <load_address>0x2684</load_address>
         <run_address>0x2684</run_address>
         <size>0x94</size>
         <input_file_ref idref="fl-da"/>
      </object_component>
      <object_component id="oc-db">
         <name>.debug_line</name>
         <load_address>0x2718</load_address>
         <run_address>0x2718</run_address>
         <size>0x94</size>
         <input_file_ref idref="fl-da"/>
      </object_component>
      <object_component id="oc-d9">
         <name>.debug_line</name>
         <load_address>0x27ac</load_address>
         <run_address>0x27ac</run_address>
         <size>0x94</size>
         <input_file_ref idref="fl-da"/>
      </object_component>
      <object_component id="oc-bd">
         <name>.debug_line</name>
         <load_address>0x2840</load_address>
         <run_address>0x2840</run_address>
         <size>0xee</size>
         <input_file_ref idref="fl-da"/>
      </object_component>
      <object_component id="oc-11b">
         <name>.debug_line</name>
         <load_address>0x292e</load_address>
         <run_address>0x292e</run_address>
         <size>0x11a</size>
         <input_file_ref idref="fl-da"/>
      </object_component>
      <object_component id="oc-20a">
         <name>.debug_line</name>
         <load_address>0x2a48</load_address>
         <run_address>0x2a48</run_address>
         <size>0x7f</size>
         <input_file_ref idref="fl-da"/>
      </object_component>
      <object_component id="oc-200">
         <name>.debug_line</name>
         <load_address>0x2ac7</load_address>
         <run_address>0x2ac7</run_address>
         <size>0x82</size>
         <input_file_ref idref="fl-db"/>
      </object_component>
      <object_component id="oc-120">
         <name>.debug_line</name>
         <load_address>0x2b49</load_address>
         <run_address>0x2b49</run_address>
         <size>0x9c</size>
         <input_file_ref idref="fl-db"/>
      </object_component>
      <object_component id="oc-12c">
         <name>.debug_line</name>
         <load_address>0x2be5</load_address>
         <run_address>0x2be5</run_address>
         <size>0x93</size>
         <input_file_ref idref="fl-db"/>
      </object_component>
      <object_component id="oc-84">
         <name>.debug_line</name>
         <load_address>0x2c78</load_address>
         <run_address>0x2c78</run_address>
         <size>0x93</size>
         <input_file_ref idref="fl-db"/>
      </object_component>
      <object_component id="oc-138">
         <name>.debug_line</name>
         <load_address>0x2d0b</load_address>
         <run_address>0x2d0b</run_address>
         <size>0x93</size>
         <input_file_ref idref="fl-db"/>
      </object_component>
      <object_component id="oc-114">
         <name>.debug_line</name>
         <load_address>0x2d9e</load_address>
         <run_address>0x2d9e</run_address>
         <size>0xb7</size>
         <input_file_ref idref="fl-db"/>
      </object_component>
      <object_component id="oc-1ce">
         <name>.debug_line</name>
         <load_address>0x2e55</load_address>
         <run_address>0x2e55</run_address>
         <size>0x91</size>
         <input_file_ref idref="fl-dd"/>
      </object_component>
      <object_component id="oc-36">
         <name>.debug_frame</name>
         <load_address>0x0</load_address>
         <run_address>0x0</run_address>
         <size>0xf4</size>
         <input_file_ref idref="fl-2"/>
      </object_component>
      <object_component id="oc-30">
         <name>.debug_frame</name>
         <load_address>0xf4</load_address>
         <run_address>0xf4</run_address>
         <size>0x90</size>
         <input_file_ref idref="fl-3"/>
      </object_component>
      <object_component id="oc-14">
         <name>.debug_frame</name>
         <load_address>0x184</load_address>
         <run_address>0x184</run_address>
         <size>0x60</size>
         <input_file_ref idref="fl-c0"/>
      </object_component>
      <object_component id="oc-19">
         <name>.debug_frame</name>
         <load_address>0x1e4</load_address>
         <run_address>0x1e4</run_address>
         <size>0x54</size>
         <input_file_ref idref="fl-c1"/>
      </object_component>
      <object_component id="oc-23">
         <name>.debug_frame</name>
         <load_address>0x238</load_address>
         <run_address>0x238</run_address>
         <size>0x54</size>
         <input_file_ref idref="fl-c2"/>
      </object_component>
      <object_component id="oc-7a">
         <name>.debug_frame</name>
         <load_address>0x28c</load_address>
         <run_address>0x28c</run_address>
         <size>0x88</size>
         <input_file_ref idref="fl-c3"/>
      </object_component>
      <object_component id="oc-62">
         <name>.debug_frame</name>
         <load_address>0x314</load_address>
         <run_address>0x314</run_address>
         <size>0x54</size>
         <input_file_ref idref="fl-cc"/>
      </object_component>
      <object_component id="oc-64">
         <name>.debug_frame</name>
         <load_address>0x368</load_address>
         <run_address>0x368</run_address>
         <size>0x54</size>
         <input_file_ref idref="fl-cd"/>
      </object_component>
      <object_component id="oc-1f7">
         <name>.debug_frame</name>
         <load_address>0x3bc</load_address>
         <run_address>0x3bc</run_address>
         <size>0x7c</size>
         <input_file_ref idref="fl-d0"/>
      </object_component>
      <object_component id="oc-71">
         <name>.debug_frame</name>
         <load_address>0x438</load_address>
         <run_address>0x438</run_address>
         <size>0x54</size>
         <input_file_ref idref="fl-d1"/>
      </object_component>
      <object_component id="oc-6e">
         <name>.debug_frame</name>
         <load_address>0x48c</load_address>
         <run_address>0x48c</run_address>
         <size>0x5c</size>
         <input_file_ref idref="fl-d2"/>
      </object_component>
      <object_component id="oc-185">
         <name>.debug_frame</name>
         <load_address>0x4e8</load_address>
         <run_address>0x4e8</run_address>
         <size>0x60</size>
         <input_file_ref idref="fl-d3"/>
      </object_component>
      <object_component id="oc-18b">
         <name>.debug_frame</name>
         <load_address>0x548</load_address>
         <run_address>0x548</run_address>
         <size>0x54</size>
         <input_file_ref idref="fl-d5"/>
      </object_component>
      <object_component id="oc-a5">
         <name>.debug_frame</name>
         <load_address>0x59c</load_address>
         <run_address>0x59c</run_address>
         <size>0x7f</size>
         <input_file_ref idref="fl-d6"/>
      </object_component>
      <object_component id="oc-eb">
         <name>.debug_frame</name>
         <load_address>0x61b</load_address>
         <run_address>0x61b</run_address>
         <size>0x7f</size>
         <input_file_ref idref="fl-d6"/>
      </object_component>
      <object_component id="oc-b7">
         <name>.debug_frame</name>
         <load_address>0x69a</load_address>
         <run_address>0x69a</run_address>
         <size>0x8f</size>
         <input_file_ref idref="fl-d6"/>
      </object_component>
      <object_component id="oc-141">
         <name>.debug_frame</name>
         <load_address>0x729</load_address>
         <run_address>0x729</run_address>
         <size>0x86</size>
         <input_file_ref idref="fl-d6"/>
      </object_component>
      <object_component id="oc-aa">
         <name>.debug_frame</name>
         <load_address>0x7af</load_address>
         <run_address>0x7af</run_address>
         <size>0x86</size>
         <input_file_ref idref="fl-d6"/>
      </object_component>
      <object_component id="oc-9e">
         <name>.debug_frame</name>
         <load_address>0x835</load_address>
         <run_address>0x835</run_address>
         <size>0x8a</size>
         <input_file_ref idref="fl-d6"/>
      </object_component>
      <object_component id="oc-f0">
         <name>.debug_frame</name>
         <load_address>0x8bf</load_address>
         <run_address>0x8bf</run_address>
         <size>0x86</size>
         <input_file_ref idref="fl-d6"/>
      </object_component>
      <object_component id="oc-133">
         <name>.debug_frame</name>
         <load_address>0x945</load_address>
         <run_address>0x945</run_address>
         <size>0x86</size>
         <input_file_ref idref="fl-d7"/>
      </object_component>
      <object_component id="oc-127">
         <name>.debug_frame</name>
         <load_address>0x9cb</load_address>
         <run_address>0x9cb</run_address>
         <size>0x7f</size>
         <input_file_ref idref="fl-d7"/>
      </object_component>
      <object_component id="oc-ad">
         <name>.debug_frame</name>
         <load_address>0xa4a</load_address>
         <run_address>0xa4a</run_address>
         <size>0x7f</size>
         <input_file_ref idref="fl-d8"/>
      </object_component>
      <object_component id="oc-ff">
         <name>.debug_frame</name>
         <load_address>0xac9</load_address>
         <run_address>0xac9</run_address>
         <size>0x7f</size>
         <input_file_ref idref="fl-d8"/>
      </object_component>
      <object_component id="oc-fd">
         <name>.debug_frame</name>
         <load_address>0xb48</load_address>
         <run_address>0xb48</run_address>
         <size>0x7f</size>
         <input_file_ref idref="fl-d8"/>
      </object_component>
      <object_component id="oc-109">
         <name>.debug_frame</name>
         <load_address>0xbc7</load_address>
         <run_address>0xbc7</run_address>
         <size>0x7f</size>
         <input_file_ref idref="fl-d8"/>
      </object_component>
      <object_component id="oc-f7">
         <name>.debug_frame</name>
         <load_address>0xc46</load_address>
         <run_address>0xc46</run_address>
         <size>0x7f</size>
[...]
               <start_address>0x26c</start_address>
               <size>0x1306</size>
               <logical_group_ref idref="lg-4"/>
            </allocated_space>
            <available_space>
               <start_address>0x1572</start_address>
               <size>0x2</size>
            </available_space>
            <allocated_space>
               <start_address>0x1574</start_address>
               <size>0x16c</size>
               <logical_group_ref idref="lg-5"/>
            </allocated_space>
            <allocated_space>
               <start_address>0x16e0</start_address>
               <size>0x48</size>
               <logical_group_ref idref="lg-6"/>
            </allocated_space>
            <available_space>
               <start_address>0x1728</start_address>
               <size>0x3e8d8</size>
            </available_space>
         </usage_details>
      </memory_area>
      <memory_area display="yes" color="green">
         <name>SRAM</name>
         <page_id>0x0</page_id>
         <origin>0x20000000</origin>
         <length>0x8000</length>
         <used_space>0x254</used_space>
         <unused_space>0x7dac</unused_space>
         <attributes>RWX</attributes>
         <usage_details>
            <allocated_space>
               <start_address>0x20000000</start_address>
               <size>0x200</size>
               <logical_group_ref idref="lg-d"/>
            </allocated_space>
            <allocated_space>
               <start_address>0x20000200</start_address>
               <size>0x44</size>
               <logical_group_ref idref="lg-a"/>
            </allocated_space>
            <allocated_space>
               <start_address>0x20000244</start_address>
               <size>0x10</size>
               <logical_group_ref idref="lg-b"/>
            </allocated_space>
            <available_space>
               <start_address>0x20000254</start_address>
               <size>0x7dac</size>
            </available_space>
         </usage_details>
      </memory_area>
   </placement_map>
   <cptbl_list>
      <cptbl>
         <name>__TI_cinit_table</name>
         <cprec>
            <name>.data</name>
            <load_address>0x16e0</load_address>
            <load_size>0x24</load_size>
            <run_address>0x20000200</run_address>
            <run_size>0x44</run_size>
            <compression>lzss</compression>
         </cprec>
         <cprec>
            <name>.bss</name>
            <load_address>0x1710</load_address>
            <load_size>0x8</load_size>
            <run_address>0x20000244</run_address>
            <run_size>0x10</run_size>
            <compression>zero_init</compression>
         </cprec>
      </cptbl>
   </cptbl_list>
   <handler_table>
      <handler_table_name>__TI_handler_table</handler_table_name>
      <handler>
         <index>0x0</index>
         <name>__TI_decompress_lzss</name>
      </handler>
      <handler>
         <index>0x1</index>
         <name>__TI_decompress_none</name>
      </handler>
      <handler>
         <index>0x2</index>
         <name>__TI_zero_init</name>
      </handler>
   </handler_table>
   <symbol_table>
      <symbol id="sm-1">
         <name>__STACK_TOP</name>
         <value>0x20000200</value>
      </symbol>
      <symbol id="sm-2">
         <name>__TI_CINIT_Base</name>
         <value>0x1718</value>
      </symbol>
      <symbol id="sm-3">
         <name>__TI_CINIT_Limit</name>
         <value>0x1728</value>
      </symbol>
      <symbol id="sm-4">
         <name>__TI_Handler_Table_Base</name>
         <value>0x1704</value>
      </symbol>
      <symbol id="sm-5">
         <name>__TI_Handler_Table_Limit</name>
         <value>0x1710</value>
      </symbol>
      <symbol id="sm-6">
         <name>binit</name>
         <value>0xffffffff</value>
      </symbol>
      <symbol id="sm-7">
         <name>__binit__</name>
         <value>0xffffffff</value>
      </symbol>
      <symbol id="sm-8">
         <name>__STACK_SIZE</name>
         <value>0x200</value>
      </symbol>
      <symbol id="sm-9">
         <name>__STACK_END</name>
         <value>0x20000200</value>
      </symbol>
      <symbol id="sm-a">
         <name>__c_args__</name>
         <value>0xffffffff</value>
      </symbol>
      <symbol id="sm-b">
         <name>__TI_pprof_out_hndl</name>
         <value>0xffffffff</value>
      </symbol>
      <symbol id="sm-c">
         <name>__TI_prof_data_start</name>
         <value>0xffffffff</value>
      </symbol>
      <symbol id="sm-d">
         <name>__TI_prof_data_size</name>
         <value>0xffffffff</value>
      </symbol>
      <symbol id="sm-8d">
         <name>error</name>
         <value>0x20000248</value>
      </symbol>
      <symbol id="sm-8e">
         <name>p</name>
         <value>0x20000250</value>
      </symbol>
      <symbol id="sm-8f">
         <name>d</name>
         <value>0x20000244</value>
      </symbol>
      <symbol id="sm-90">
         <name>output</name>
         <value>0x2000024c</value>
      </symbol>
      <symbol id="sm-91">
         <name>currentAngle</name>
         <value>0x20000214</value>
         <object_component_ref idref="oc-10a"/>
      </symbol>
      <symbol id="sm-92">
         <name>finalAngle</name>
         <value>0x2000020c</value>
         <object_component_ref idref="oc-10a"/>
      </symbol>
      <symbol id="sm-93">
         <name>object</name>
         <value>0x2000021c</value>
         <object_component_ref idref="oc-10a"/>
      </symbol>
      <symbol id="sm-94">
         <name>intIni</name>
         <value>0x605</value>
         <object_component_ref idref="oc-31"/>
      </symbol>
      <symbol id="sm-95">
         <name>qeiPosition</name>
         <value>0x20000220</value>
         <object_component_ref idref="oc-10a"/>
      </symbol>
      <symbol id="sm-96">
         <name>initialAngle</name>
         <value>0x20000208</value>
         <object_component_ref idref="oc-10a"/>
      </symbol>
      <symbol id="sm-97">
         <name>main</name>
         <value>0x49b</value>
         <object_component_ref idref="oc-31"/>
      </symbol>
      <symbol id="sm-98">
         <name>kp</name>
         <value>0x20000200</value>
         <object_component_ref idref="oc-10a"/>
      </symbol>
      <symbol id="sm-99">
         <name>kd</name>
         <value>0x20000204</value>
         <object_component_ref idref="oc-10a"/>
      </symbol>
      <symbol id="sm-9a">
         <name>gpioInit</name>
         <value>0x463</value>
         <object_component_ref idref="oc-31"/>
      </symbol>
      <symbol id="sm-9b">
         <name>qeiInit</name>
         <value>0x665</value>
         <object_component_ref idref="oc-31"/>
      </symbol>
      <symbol id="sm-9c">
         <name>qeiRotation</name>
         <value>0x20000224</value>
         <object_component_ref idref="oc-10a"/>
      </symbol>
      <symbol id="sm-9d">
         <name>qeiDegrees</name>
         <value>0x20000228</value>
         <object_component_ref idref="oc-10a"/>
      </symbol>
      <symbol id="sm-9e">
         <name>lastError</name>
         <value>0x20000210</value>
         <object_component_ref idref="oc-10a"/>
      </symbol>
      <symbol id="sm-9f">
         <name>magnetInit</name>
         <value>0x5a9</value>
         <object_component_ref idref="oc-31"/>
      </symbol>
      <symbol id="sm-a0">
         <name>Timer0IntHandler</name>
         <value>0x26d</value>
         <object_component_ref idref="oc-31"/>
      </symbol>
      <symbol id="sm-a1">
         <name>flag</name>
         <value>0x20000218</value>
         <object_component_ref idref="oc-10a"/>
      </symbol>
      <symbol id="sm-a2">
         <name>pwmInit</name>
         <value>0x515</value>
         <object_component_ref idref="oc-31"/>
      </symbol>
      <symbol id="sm-c3">
         <name>ResetISR</name>
         <value>0x1529</value>
         <object_component_ref idref="oc-2b"/>
      </symbol>
      <symbol id="sm-c4">
         <name>g_pfnVectors</name>
         <value>0x0</value>
         <object_component_ref idref="oc-f"/>
      </symbol>
      <symbol id="sm-d6">
         <name>_c_int00</name>
         <value>0x1195</value>
         <object_component_ref idref="oc-24"/>
      </symbol>
      <symbol id="sm-d7">
         <name>__stack</name>
         <value>0x20000000</value>
         <object_component_ref idref="oc-2a"/>
      </symbol>
      <symbol id="sm-f5">
         <name>__TI_decompress_lzss</name>
         <value>0x10cd</value>
         <object_component_ref idref="oc-12"/>
      </symbol>
      <symbol id="sm-10c">
         <name>__TI_decompress_none</name>
         <value>0x14f7</value>
         <object_component_ref idref="oc-18"/>
      </symbol>
      <symbol id="sm-123">
         <name>__TI_zero_init</name>
         <value>0x151d</value>
         <object_component_ref idref="oc-1e"/>
      </symbol>
      <symbol id="sm-144">
         <name>C$$EXIT</name>
         <value>0x11e9</value>
         <object_component_ref idref="oc-75"/>
      </symbol>
      <symbol id="sm-145">
         <name>abort</name>
         <value>0x11ed</value>
         <object_component_ref idref="oc-75"/>
      </symbol>
      <symbol id="sm-146">
         <name>exit</name>
         <value>0x11f5</value>
         <object_component_ref idref="oc-75"/>
      </symbol>
      <symbol id="sm-147">
         <name>__TI_dtors_ptr</name>
         <value>0x20000230</value>
         <object_component_ref idref="oc-190"/>
      </symbol>
      <symbol id="sm-148">
         <name>__TI_cleanup_ptr</name>
         <value>0x2000022c</value>
         <object_component_ref idref="oc-190"/>
      </symbol>
      <symbol id="sm-149">
         <name>__TI_enable_exit_profile_output</name>
         <value>0x20000234</value>
         <object_component_ref idref="oc-190"/>
      </symbol>
      <symbol id="sm-160">
         <name>__aeabi_dsub</name>
         <value>0x74d</value>
         <object_component_ref idref="oc-8b"/>
      </symbol>
      <symbol id="sm-161">
         <name>__aeabi_dadd</name>
         <value>0x757</value>
         <object_component_ref idref="oc-8b"/>
      </symbol>
      <symbol id="sm-175">
         <name>__aeabi_ddiv</name>
         <value>0x903</value>
         <object_component_ref idref="oc-cf"/>
      </symbol>
      <symbol id="sm-180">
         <name>__aeabi_dmul</name>
         <value>0xc7d</value>
         <object_component_ref idref="oc-90"/>
      </symbol>
      <symbol id="sm-18c">
         <name>__aeabi_d2f</name>
         <value>0xff5</value>
         <object_component_ref idref="oc-95"/>
      </symbol>
      <symbol id="sm-197">
         <name>__aeabi_f2d</name>
         <value>0x1309</value>
         <object_component_ref idref="oc-86"/>
      </symbol>
      <symbol id="sm-1a1">
         <name>__aeabi_i2d</name>
         <value>0x1375</value>
         <object_component_ref idref="oc-ca"/>
      </symbol>
      <symbol id="sm-1bc">
         <name>memcpy</name>
         <value>0xe6d</value>
         <object_component_ref idref="oc-45"/>
      </symbol>
      <symbol id="sm-1bd">
         <name>__aeabi_memcpy</name>
         <value>0xe6d</value>
         <object_component_ref idref="oc-45"/>
      </symbol>
      <symbol id="sm-1be">
         <name>__aeabi_memcpy8</name>
         <value>0xe6d</value>
         <object_component_ref idref="oc-45"/>
      </symbol>
      <symbol id="sm-1bf">
         <name>__aeabi_memcpy4</name>
         <value>0xe6d</value>
         <object_component_ref idref="oc-45"/>
      </symbol>
      <symbol id="sm-1ce">
         <name>__aeabi_memset</name>
         <value>0xf0b</value>
         <object_component_ref idref="oc-51"/>
      </symbol>
      <symbol id="sm-1cf">
         <name>memset</name>
         <value>0xf11</value>
         <object_component_ref idref="oc-51"/>
      </symbol>
      <symbol id="sm-1d0">
         <name>__aeabi_memset8</name>
         <value>0xf0b</value>
         <object_component_ref idref="oc-51"/>
      </symbol>
      <symbol id="sm-1d1">
         <name>__aeabi_memset4</name>
         <value>0xf0b</value>
         <object_component_ref idref="oc-51"/>
      </symbol>
      <symbol id="sm-1d2">
         <name>__aeabi_memclr8</name>
         <value>0xf09</value>
         <object_component_ref idref="oc-51"/>
      </symbol>
      <symbol id="sm-1d3">
         <name>__aeabi_memclr4</name>
         <value>0xf09</value>
         <object_component_ref idref="oc-51"/>
      </symbol>
      <symbol id="sm-1d4">
         <name>__aeabi_memclr</name>
         <value>0xf09</value>
         <object_component_ref idref="oc-51"/>
      </symbol>
      <symbol id="sm-1de">
         <name>__mpu_init</name>
         <value>0xb6b</value>
         <object_component_ref idref="oc-5d"/>
      </symbol>
      <symbol id="sm-1e8">
         <name>_system_pre_init</name>
         <value>0x156f</value>
         <object_component_ref idref="oc-63"/>
      </symbol>
      <symbol id="sm-1f0">
         <name>main_func_sp</name>
         <value>0x20000240</value>
         <object_component_ref idref="oc-7b"/>
      </symbol>
      <symbol id="sm-20a">
         <name>_nop</name>
         <value>0x145f</value>
         <object_component_ref idref="oc-1f3"/>
      </symbol>
      <symbol id="sm-20b">
         <name>_lock</name>
         <value>0x20000238</value>
         <object_component_ref idref="oc-193"/>
      </symbol>
      <symbol id="sm-20c">
         <name>_unlock</name>
         <value>0x2000023c</value>
         <object_component_ref idref="oc-193"/>
      </symbol>
      <symbol id="sm-20d">
         <name>_register_lock</name>
         <value>0x1457</value>
         <object_component_ref idref="oc-1f3"/>
      </symbol>
      <symbol id="sm-20e">
         <name>_register_unlock</name>
         <value>0x1451</value>
         <object_component_ref idref="oc-1f3"/>
      </symbol>
      <symbol id="sm-222">
         <name>_args_main</name>
         <value>0x1425</value>
         <object_component_ref idref="oc-6f"/>
      </symbol>
      <symbol id="sm-24c">
         <name>__TI_auto_init</name>
         <value>0xf85</value>
         <object_component_ref idref="oc-69"/>
      </symbol>
      <symbol id="sm-266">
         <name>copy_in</name>
         <value>0x123d</value>
         <object_component_ref idref="oc-180"/>
      </symbol>
      <symbol id="sm-271">
         <name>_system_post_cinit</name>
         <value>0xf83</value>
         <object_component_ref idref="oc-186"/>
      </symbol>
      <symbol id="sm-2bb">
         <name>GPIOPinTypePWM</name>
         <value>0x1465</value>
         <object_component_ref idref="oc-a6"/>
      </symbol>
      <symbol id="sm-2bc">
         <name>GPIOPinConfigure</name>
         <value>0x1289</value>
         <object_component_ref idref="oc-ec"/>
      </symbol>
      <symbol id="sm-2bd">
         <name>GPIOPinTypeGPIOOutput</name>
         <value>0x140d</value>
         <object_component_ref idref="oc-9a"/>
      </symbol>
      <symbol id="sm-2be">
         <name>GPIODirModeSet</name>
         <value>0x13a3</value>
         <object_component_ref idref="oc-e6"/>
      </symbol>
      <symbol id="sm-2bf">
         <name>GPIOPinTypeQEI</name>
         <value>0x1477</value>
         <object_component_ref idref="oc-13d"/>
      </symbol>
      <symbol id="sm-2c0">
         <name>GPIOPinWrite</name>
         <value>0x155b</value>
         <object_component_ref idref="oc-a0"/>
      </symbol>
      <symbol id="sm-2c1">
         <name>GPIOPadConfigSet</name>
         <value>0xa39</value>
         <object_component_ref idref="oc-b2"/>
      </symbol>
      <symbol id="sm-2f1">
         <name>IntEnable</name>
         <value>0x1065</value>
         <object_component_ref idref="oc-122"/>
      </symbol>
      <symbol id="sm-2f2">
         <name>IntMasterEnable</name>
         <value>0x14ad</value>
         <object_component_ref idref="oc-12e"/>
      </symbol>
      <symbol id="sm-31f">
         <name>PWMGenPeriodSet</name>
         <value>0x14bd</value>
         <object_component_ref idref="oc-f8"/>
      </symbol>
      <symbol id="sm-320">
         <name>PWMPulseWidthSet</name>
         <value>0x13ef</value>
         <object_component_ref idref="oc-ac"/>
      </symbol>
      <symbol id="sm-321">
         <name>PWMOutputState</name>
         <value>0x1489</value>
         <object_component_ref idref="oc-fe"/>
      </symbol>
      <symbol id="sm-322">
         <name>PWMGenEnable</name>
         <value>0x1511</value>
         <object_component_ref idref="oc-104"/>
      </symbol>
      <symbol id="sm-323">
         <name>PWMGenConfigure</name>
         <value>0x13cd</value>
         <object_component_ref idref="oc-f2"/>
      </symbol>
      <symbol id="sm-358">
         <name>QEIDirectionGet</name>
         <value>0x14db</value>
         <object_component_ref idref="oc-c4"/>
      </symbol>
      <symbol id="sm-359">
         <name>QEIPositionGet</name>
         <value>0x1567</value>
         <object_component_ref idref="oc-be"/>
      </symbol>
      <symbol id="sm-35a">
         <name>QEIIntDisable</name>
         <value>0x1549</value>
         <object_component_ref idref="oc-149"/>
      </symbol>
      <symbol id="sm-35b">
         <name>QEIDisable</name>
         <value>0x1535</value>
         <object_component_ref idref="oc-143"/>
      </symbol>
      <symbol id="sm-35c">
         <name>QEIEnable</name>
         <value>0x153f</value>
         <object_component_ref idref="oc-155"/>
      </symbol>
      <symbol id="sm-35d">
         <name>QEIConfigure</name>
         <value>0x14cd</value>
         <object_component_ref idref="oc-14f"/>
      </symbol>
      <symbol id="sm-3c4">
         <name>SysCtlClockSet</name>
         <value>0xd79</value>
         <object_component_ref idref="oc-b8"/>
      </symbol>
      <symbol id="sm-3c5">
         <name>SysCtlDelay</name>
         <value>0x1561</value>
         <object_component_ref idref="oc-1a8"/>
      </symbol>
      <symbol id="sm-3c6">
         <name>SysCtlPeripheralEnable</name>
         <value>0x1341</value>
         <object_component_ref idref="oc-da"/>
      </symbol>
      <symbol id="sm-3c7">
         <name>SysCtlClockGet</name>
         <value>0xb6d</value>
         <object_component_ref idref="oc-116"/>
      </symbol>
      <symbol id="sm-3c8">
         <name>SysCtlPWMClockSet</name>
         <value>0x143d</value>
         <object_component_ref idref="oc-d4"/>
      </symbol>
      <symbol id="sm-3c9">
         <name>SysCtlPeripheralReady</name>
         <value>0x12d1</value>
         <object_component_ref idref="oc-e0"/>
      </symbol>
      <symbol id="sm-3fd">
         <name>TimerLoadSet</name>
         <value>0x149b</value>
         <object_component_ref idref="oc-11c"/>
      </symbol>
      <symbol id="sm-3fe">
         <name>TimerEnable</name>
         <value>0x14e9</value>
         <object_component_ref idref="oc-134"/>
      </symbol>
      <symbol id="sm-3ff">
         <name>TimerIntEnable</name>
         <value>0x1553</value>
         <object_component_ref idref="oc-128"/>
      </symbol>
      <symbol id="sm-400">
         <name>TimerConfigure</name>
         <value>0x1135</value>
         <object_component_ref idref="oc-110"/>
      </symbol>
      <symbol id="sm-401">
         <name>TimerIntClear</name>
         <value>0x156b</value>
         <object_component_ref idref="oc-80"/>
      </symbol>
      <symbol id="sm-40c">
         <name>CPUcpsie</name>
         <value>0x1505</value>
         <object_component_ref idref="oc-1cc"/>
      </symbol>
      <symbol id="sm-40d">
         <name>__TI_static_base__</name>
         <value>0x0</value>
      </symbol>
      <symbol id="sm-410">
         <name>SHT$$INIT_ARRAY$$Limit</name>
         <value>0x0</value>
      </symbol>
      <symbol id="sm-411">
         <name>SHT$$INIT_ARRAY$$Base</name>
         <value>0x0</value>
      </symbol>
   </symbol_table>
   <title>Link successful</title>
</link_info>
