******************************************************************************
                  TI ARM Linker PC v16.9.6                     
******************************************************************************
>> Linked Thu Jul 26 17:07:41 2018

OUTPUT FILE NAME:   <Pick-place-controls.out>
ENTRY POINT SYMBOL: "_c_int00"  address: 00001195


MEMORY CONFIGURATION

         name            origin    length      used     unused   attr    fill
----------------------  --------  ---------  --------  --------  ----  --------
  FLASH                 00000000   00040000  00001726  0003e8da  R  X
  SRAM                  20000000   00008000  00000254  00007dac  RW X


SEGMENT ALLOCATION MAP

run origin  load origin   length   init length attrs members
----------  ----------- ---------- ----------- ----- -------
00000000    00000000    00001728   00001728    r-x
  00000000    00000000    0000026c   0000026c    r-- .intvecs
  0000026c    0000026c    00001306   00001306    r-x .text
  00001574    00001574    0000016c   0000016c    r-- .const
  000016e0    000016e0    00000048   00000048    r-- .cinit
20000000    20000000    00000254   00000000    rw-
  20000000    20000000    00000200   00000000    rw- .stack
  20000200    20000200    00000044   00000000    rw- .data
  20000244    20000244    00000010   00000000    rw- .bss


SECTION ALLOCATION MAP

 output                                  attributes/
section   page    origin      length       input sections
--------  ----  ----------  ----------   ----------------
.intvecs   0    00000000    0000026c     
                  00000000    0000026c     tm4c123gh6pm_startup_ccs.obj (.intvecs)

.text      0    0000026c    00001306     
                  0000026c    000004e0     main_July25.obj (.text)
                  0000074c    000001b6     rtsv7M4_T_le_v4SPD16_eabi.lib : fd_add_t2.obj (.text)
                  00000902    00000136                                   : fd_div_t2.obj (.text)
                  00000a38    00000132     driverlib.lib : gpio.obj (.text:GPIOPadConfigSet)
                  00000b6a    00000002     rtsv7M4_T_le_v4SPD16_eabi.lib : mpu_init.obj (.text)
                  00000b6c    00000110     driverlib.lib : sysctl.obj (.text:SysCtlClockGet)
                  00000c7c    000000fc     rtsv7M4_T_le_v4SPD16_eabi.lib : fd_mul_t2.obj (.text)
                  00000d78    000000f4     driverlib.lib : sysctl.obj (.text:SysCtlClockSet)
                  00000e6c    0000009c     rtsv7M4_T_le_v4SPD16_eabi.lib : memcpy_t2.obj (.text)
                  00000f08    0000007a                                   : memset_t2.obj (.text)
                  00000f82    00000002                                   : startup.obj (.text)
                  00000f84    00000070                                   : autoinit.obj (.text)
                  00000ff4    0000006e                                   : fd_tos_t2.obj (.text)
                  00001062    00000002     --HOLE-- [fill = 0]
                  00001064    00000068     driverlib.lib : interrupt.obj (.text:IntEnable)
                  000010cc    00000068     rtsv7M4_T_le_v4SPD16_eabi.lib : copy_decompress_lzss.obj (.text:decompress:lzss)
                  00001134    00000060     driverlib.lib : timer.obj (.text:TimerConfigure)
                  00001194    00000054     rtsv7M4_T_le_v4SPD16_eabi.lib : boot.obj (.text)
                  000011e8    00000054                                   : exit.obj (.text)
                  0000123c    0000004c                                   : cpy_tbl.obj (.text)
                  00001288    00000048     driverlib.lib : gpio.obj (.text:GPIOPinConfigure)
                  000012d0    00000038                   : sysctl.obj (.text:SysCtlPeripheralReady)
                  00001308    00000038     rtsv7M4_T_le_v4SPD16_eabi.lib : fs_tod_t2.obj (.text)
                  00001340    00000034     driverlib.lib : sysctl.obj (.text:SysCtlPeripheralEnable)
                  00001374    0000002e     rtsv7M4_T_le_v4SPD16_eabi.lib : i_tofd_t2.obj (.text)
                  000013a2    0000002a     driverlib.lib : gpio.obj (.text:GPIODirModeSet)
                  000013cc    00000022                   : pwm.obj (.text:PWMGenConfigure)
                  000013ee    0000001e                   : pwm.obj (.text:PWMPulseWidthSet)
                  0000140c    00000018                   : gpio.obj (.text:GPIOPinTypeGPIOOutput)
                  00001424    00000018     rtsv7M4_T_le_v4SPD16_eabi.lib : args_main.obj (.text)
                  0000143c    00000014     driverlib.lib : sysctl.obj (.text:SysCtlPWMClockSet)
                  00001450    00000014     rtsv7M4_T_le_v4SPD16_eabi.lib : _lock.obj (.text)
                  00001464    00000012     driverlib.lib : gpio.obj (.text:GPIOPinTypePWM)
                  00001476    00000012                   : gpio.obj (.text:GPIOPinTypeQEI)
                  00001488    00000012                   : pwm.obj (.text:PWMOutputState)
                  0000149a    00000012                   : timer.obj (.text:TimerLoadSet)
                  000014ac    00000010                   : interrupt.obj (.text:IntMasterEnable)
                  000014bc    00000010                   : pwm.obj (.text:PWMGenPeriodSet)
                  000014cc    0000000e                   : qei.obj (.text:QEIConfigure)
                  000014da    0000000e                   : qei.obj (.text:QEIDirectionGet)
                  000014e8    0000000e                   : timer.obj (.text:TimerEnable)
                  000014f6    0000000e     rtsv7M4_T_le_v4SPD16_eabi.lib : copy_decompress_none.obj (.text:decompress:none)
                  00001504    0000000c     driverlib.lib : cpu.obj (.text:CPUcpsie)
                  00001510    0000000c                   : pwm.obj (.text:PWMGenEnable)
                  0000151c    0000000c     rtsv7M4_T_le_v4SPD16_eabi.lib : copy_zero_init.obj (.text:decompress:ZI)
                  00001528    0000000c     tm4c123gh6pm_startup_ccs.obj (.text)
                  00001534    0000000a     driverlib.lib : qei.obj (.text:QEIDisable)
                  0000153e    0000000a                   : qei.obj (.text:QEIEnable)
                  00001548    0000000a                   : qei.obj (.text:QEIIntDisable)
                  00001552    00000008                   : timer.obj (.text:TimerIntEnable)
                  0000155a    00000006                   : gpio.obj (.text:GPIOPinWrite)
                  00001560    00000006                   : sysctl.obj (.text:SysCtlDelay)
                  00001566    00000004                   : qei.obj (.text:QEIPositionGet)
                  0000156a    00000004                   : timer.obj (.text:TimerIntClear)
                  0000156e    00000004     rtsv7M4_T_le_v4SPD16_eabi.lib : pre_init.obj (.text)

.const     0    00001574    0000016c     
                  00001574    00000090     driverlib.lib : gpio.obj (.const:g_pui32GPIOBaseAddrs)
                  00001604    00000070                   : interrupt.obj (.const)
                  00001674    0000006c                   : sysctl.obj (.const:g_pui32Xtals)

.cinit     0    000016e0    00000048     
                  000016e0    00000024     (.cinit..data.load) [load image, compression = lzss]
                  00001704    0000000c     (__TI_handler_table)
                  00001710    00000008     (.cinit..bss.load) [load image, compression = zero_init]
                  00001718    00000010     (__TI_cinit_table)

.init_array 
*          0    00000000    00000000     UNINITIALIZED

.stack     0    20000000    00000200     UNINITIALIZED
                  20000000    00000200     --HOLE--

.data      0    20000200    00000044     UNINITIALIZED
                  20000200    0000002c     main_July25.obj (.data)
                  2000022c    0000000c     rtsv7M4_T_le_v4SPD16_eabi.lib : exit.obj (.data:$O1$$)
                  20000238    00000008                                   : _lock.obj (.data:$O1$$)
                  20000240    00000004                                   : stkdepth_vars.obj (.data)

.bss       0    20000244    00000010     UNINITIALIZED
                  20000244    00000004     (.common:d)
                  20000248    00000004     (.common:error)
                  2000024c    00000004     (.common:output)
                  20000250    00000004     (.common:p)

MODULE SUMMARY

       Module                         code   ro data   rw data
       ------                         ----   -------   -------
    .\
       main_July25.obj                1248   0         60     
       tm4c123gh6pm_startup_ccs.obj   12     620       0      
    +--+------------------------------+------+---------+---------+
       Total:                         1260   620       60     
                                                              
    C:/ti/TivaWare_C_Series-2.1.4.178/driverlib/ccs/Debug/driverlib.lib
       sysctl.obj                     650    108       0      
       gpio.obj                       486    144       0      
       interrupt.obj                  120    112       0      
       timer.obj                      140    0         0      
       pwm.obj                        110    0         0      
       qei.obj                        62     0         0      
       cpu.obj                        12     0         0      
    +--+------------------------------+------+---------+---------+
       Total:                         1580   364       0      
                                                              
    C:\ti\ccsv7\tools\compiler\ti-cgt-arm_16.9.6.LTS\lib\rtsv7M4_T_le_v4SPD16_eabi.lib
       fd_add_t2.obj                  438    0         0      
       fd_div_t2.obj                  310    0         0      
       fd_mul_t2.obj                  252    0         0      
       memcpy_t2.obj                  156    0         0      
       memset_t2.obj                  122    0         0      
       autoinit.obj                   112    0         0      
       fd_tos_t2.obj                  110    0         0      
       copy_decompress_lzss.obj       104    0         0      
       exit.obj                       84     0         12     
       boot.obj                       84     0         0      
       cpy_tbl.obj                    76     0         0      
       fs_tod_t2.obj                  56     0         0      
       i_tofd_t2.obj                  46     0         0      
       _lock.obj                      20     0         8      
       args_main.obj                  24     0         0      
       copy_decompress_none.obj       14     0         0      
       copy_zero_init.obj             12     0         0      
       pre_init.obj                   4      0         0      
       stkdepth_vars.obj              0      0         4      
       mpu_init.obj                   2      0         0      
       startup.obj                    2      0         0      
    +--+------------------------------+------+---------+---------+
       Total:                         2028   0         24     
                                                              
       Stack:                         0      0         512    
       Linker Generated:              0      72        0      
    +--+------------------------------+------+---------+---------+
       Grand Total:                   4868   1056      596    


LINKER GENERATED COPY TABLES

__TI_cinit_table @ 00001718 records: 2, size/record: 8, table size: 16
	.data: load addr=000016e0, load size=00000024 bytes, run addr=20000200, run size=00000044 bytes, compression=lzss
	.bss: load addr=00001710, load size=00000008 bytes, run addr=20000244, run size=00000010 bytes, compression=zero_init


LINKER GENERATED HANDLER TABLE

__TI_handler_table @ 00001704 records: 3, size/record: 4, table size: 12
	index: 0, handler: __TI_decompress_lzss
	index: 1, handler: __TI_decompress_none
	index: 2, handler: __TI_zero_init


GLOBAL SYMBOLS: SORTED ALPHABETICALLY BY Name 

address   name                           
-------   ----                           
000011e9  C$$EXIT                        
00001505  CPUcpsie                       
000013a3  GPIODirModeSet                 
00000a39  GPIOPadConfigSet               
00001289  GPIOPinConfigure               
0000140d  GPIOPinTypeGPIOOutput          
00001465  GPIOPinTypePWM                 
00001477  GPIOPinTypeQEI                 
0000155b  GPIOPinWrite                   
00001065  IntEnable                      
000014ad  IntMasterEnable                
000013cd  PWMGenConfigure                
00001511  PWMGenEnable                   
000014bd  PWMGenPeriodSet                
00001489  PWMOutputState                 
000013ef  PWMPulseWidthSet               
000014cd  QEIConfigure                   
000014db  QEIDirectionGet                
00001535  QEIDisable                     
0000153f  QEIEnable                      
00001549  QEIIntDisable                  
00001567  QEIPositionGet                 
00001529  ResetISR                       
UNDEFED   SHT$$INIT_ARRAY$$Base          
UNDEFED   SHT$$INIT_ARRAY$$Limit         
00000b6d  SysCtlClockGet                 
00000d79  SysCtlClockSet                 
00001561  SysCtlDelay                    
0000143d  SysCtlPWMClockSet              
00001341  SysCtlPeripheralEnable         
000012d1  SysCtlPeripheralReady          
0000026d  Timer0IntHandler               
00001135  TimerConfigure                 
000014e9  TimerEnable                    
0000156b  TimerIntClear                  
00001553  TimerIntEnable                 
0000149b  TimerLoadSet                   
20000200  __STACK_END                    
00000200  __STACK_SIZE                   
20000200  __STACK_TOP                    
00001718  __TI_CINIT_Base                
00001728  __TI_CINIT_Limit               
00001704  __TI_Handler_Table_Base        
00001710  __TI_Handler_Table_Limit       
00000f85  __TI_auto_init                 
2000022c  __TI_cleanup_ptr               
000010cd  __TI_decompress_lzss           
000014f7  __TI_decompress_none           
20000230  __TI_dtors_ptr                 
20000234  __TI_enable_exit_profile_output
ffffffff  __TI_pprof_out_hndl            
ffffffff  __TI_prof_data_size            
ffffffff  __TI_prof_data_start           
00000000  __TI_static_base__             
0000151d  __TI_zero_init                 
00000ff5  __aeabi_d2f                    
00000757  __aeabi_dadd                   
00000903  __aeabi_ddiv                   
00000c7d  __aeabi_dmul                   
0000074d  __aeabi_dsub                   
00001309  __aeabi_f2d                    
00001375  __aeabi_i2d                    
00000f09  __aeabi_memclr                 
00000f09  __aeabi_memclr4                
00000f09  __aeabi_memclr8                
00000e6d  __aeabi_memcpy                 
00000e6d  __aeabi_memcpy4                
00000e6d  __aeabi_memcpy8                
00000f0b  __aeabi_memset                 
00000f0b  __aeabi_memset4                
00000f0b  __aeabi_memset8                
ffffffff  __binit__                      
ffffffff  __c_args__                     
00000b6b  __mpu_init                     
20000000  __stack                        
00001425  _args_main                     
00001195  _c_int00                       
20000238  _lock                          
0000145f  _nop                           
00001457  _register_lock                 
00001451  _register_unlock               
00000f83  _system_post_cinit             
0000156f  _system_pre_init               
2000023c  _unlock                        
000011ed  abort                          
ffffffff  binit                          
0000123d  copy_in                        
20000214  currentAngle                   
20000244  d                              
20000248  error                          
000011f5  exit                           
2000020c  finalAngle                     
20000218  flag                           
00000000  g_pfnVectors                   
00000463  gpioInit                       
20000208  initialAngle                   
00000605  intIni                         
20000204  kd                             
20000200  kp                             
20000210  lastError                      
000005a9  magnetInit                     
0000049b  main                           
20000240  main_func_sp                   
00000e6d  memcpy                         
00000f11  memset                         
2000021c  object                         
2000024c  output                         
20000250  p                              
00000515  pwmInit                        
20000228  qeiDegrees                     
00000665  qeiInit                        
20000220  qeiPosition                    
20000224  qeiRotation                    


GLOBAL SYMBOLS: SORTED BY Symbol Address 

address   name                           
-------   ----                           
00000000  __TI_static_base__             
00000000  g_pfnVectors                   
00000200  __STACK_SIZE                   
0000026d  Timer0IntHandler               
00000463  gpioInit                       
0000049b  main                           
00000515  pwmInit                        
000005a9  magnetInit                     
00000605  intIni                         
00000665  qeiInit                        
0000074d  __aeabi_dsub                   
00000757  __aeabi_dadd                   
00000903  __aeabi_ddiv                   
00000a39  GPIOPadConfigSet               
00000b6b  __mpu_init                     
00000b6d  SysCtlClockGet                 
00000c7d  __aeabi_dmul                   
00000d79  SysCtlClockSet                 
00000e6d  __aeabi_memcpy                 
00000e6d  __aeabi_memcpy4                
00000e6d  __aeabi_memcpy8                
00000e6d  memcpy                         
00000f09  __aeabi_memclr                 
00000f09  __aeabi_memclr4                
00000f09  __aeabi_memclr8                
00000f0b  __aeabi_memset                 
00000f0b  __aeabi_memset4                
00000f0b  __aeabi_memset8                
00000f11  memset                         
00000f83  _system_post_cinit             
00000f85  __TI_auto_init                 
00000ff5  __aeabi_d2f                    
00001065  IntEnable                      
000010cd  __TI_decompress_lzss           
00001135  TimerConfigure                 
00001195  _c_int00                       
000011e9  C$$EXIT                        
000011ed  abort                          
000011f5  exit                           
0000123d  copy_in                        
00001289  GPIOPinConfigure               
000012d1  SysCtlPeripheralReady          
00001309  __aeabi_f2d                    
00001341  SysCtlPeripheralEnable         
00001375  __aeabi_i2d                    
000013a3  GPIODirModeSet                 
000013cd  PWMGenConfigure                
000013ef  PWMPulseWidthSet               
0000140d  GPIOPinTypeGPIOOutput          
00001425  _args_main                     
0000143d  SysCtlPWMClockSet              
00001451  _register_unlock               
00001457  _register_lock                 
0000145f  _nop                           
00001465  GPIOPinTypePWM                 
00001477  GPIOPinTypeQEI                 
00001489  PWMOutputState                 
0000149b  TimerLoadSet                   
000014ad  IntMasterEnable                
000014bd  PWMGenPeriodSet                
000014cd  QEIConfigure                   
000014db  QEIDirectionGet                
000014e9  TimerEnable                    
000014f7  __TI_decompress_none           
00001505  CPUcpsie                       
00001511  PWMGenEnable                   
0000151d  __TI_zero_init                 
00001529  ResetISR                       
00001535  QEIDisable                     
0000153f  QEIEnable                      
00001549  QEIIntDisable                  
00001553  TimerIntEnable                 
0000155b  GPIOPinWrite                   
00001561  SysCtlDelay                    
00001567  QEIPositionGet                 
0000156b  TimerIntClear                  
0000156f  _system_pre_init               
00001704  __TI_Handler_Table_Base        
00001710  __TI_Handler_Table_Limit       
00001718  __TI_CINIT_Base                
00001728  __TI_CINIT_Limit               
20000000  __stack                        
20000200  __STACK_END                    
20000200  __STACK_TOP                    
20000200  kp                             
20000204  kd                             
20000208  initialAngle                   
2000020c  finalAngle                     
20000210  lastError                      
20000214  currentAngle                   
20000218  flag                           
2000021c  object                         
20000220  qeiPosition                    
20000224  qeiRotation                    
20000228  qeiDegrees                     
2000022c  __TI_cleanup_ptr               
20000230  __TI_dtors_ptr                 
20000234  __TI_enable_exit_profile_output
20000238  _lock                          
2000023c  _unlock                        
20000240  main_func_sp                   
20000244  d                              
20000248  error                          
2000024c  output                         
20000250  p                              
ffffffff  __TI_pprof_out_hndl            
ffffffff  __TI_prof_data_size            
ffffffff  __TI_prof_data_start           
ffffffff  __binit__                      
ffffffff  __c_args__                     
ffffffff  binit                          
UNDEFED   SHT$$INIT_ARRAY$$Base          
UNDEFED   SHT$$INIT_ARRAY$$Limit         

[113 symbols]
